29842 10:21:59.469678 access("/etc/ld.so.nohwcap", F_OK) = -1 ENOENT (No such file or directory)
29842 10:21:59.469697 open("/lib/x86_64-linux-gnu/libnss_compat.so.2", O_RDONLY|O_CLOEXEC) = 5</lib/x86_64-linux-gnu/libnss_compat-2.23.so>
29842 10:21:59.469715 read(5</lib/x86_64-linux-gnu/libnss_compat-2.23.so>, "\177ELF\2\1\1\0\0\0\0\0\0\0\0\0\3\0>\0\1\0\0\0\320\22\0\0\0\0\0\0"..., 832) = 832
29842 10:21:59.469732 fstat(5</lib/x86_64-linux-gnu/libnss_compat-2.23.so>, {st_dev=makedev(8, 4), st_ino=3150115, st_mode=S_IFREG|0644, st_nlink=1, st_uid=0, st_gid=0, st_blksize=4096, st_blocks=72, st_size=35688, st_atime=2018/01/10-10:11:55.233964251, st_mtime=2017/06/16-16:57:16, st_ctime=2017/08/07-11:44:52.074444447}) = 0
29842 10:21:59.469756 mmap(NULL, 2131040, PROT_READ|PROT_EXEC, MAP_PRIVATE|MAP_DENYWRITE, 5</lib/x86_64-linux-gnu/libnss_compat-2.23.so>, 0) = 0x7f9e4a2f7000
29842 10:21:59.469774 mprotect(0x7f9e4a2ff000, 2093056, PROT_NONE) = 0
29842 10:21:59.469792 mmap(0x7f9e4a4fe000, 8192, PROT_READ|PROT_WRITE, MAP_PRIVATE|MAP_FIXED|MAP_DENYWRITE, 5</lib/x86_64-linux-gnu/libnss_compat-2.23.so>, 0x7000) = 0x7f9e4a4fe000
29842 10:21:59.469815 close(5</lib/x86_64-linux-gnu/libnss_compat-2.23.so>) = 0
29842 10:21:59.469839 mprotect(0x7f9e4a4fe000, 4096, PROT_READ) = 0
29842 10:21:59.469855 munmap(0x7f9e4d900000, 131191) = 0
29842 10:21:59.469878 open("/etc/ld.so.cache", O_RDONLY|O_CLOEXEC) = 5</etc/ld.so.cache>
29842 10:21:59.469896 fstat(5</etc/ld.so.cache>, {st_dev=makedev(8, 4), st_ino=24642717, st_mode=S_IFREG|0644, st_nlink=1, st_uid=0, st_gid=0, st_blksize=4096, st_blocks=264, st_size=131191, st_atime=2018/01/10-06:46:54.726941448, st_mtime=2018/01/09-06:35:57.826950402, st_ctime=2018/01/09-06:35:57.870951350}) = 0
29842 10:21:59.469918 mmap(NULL, 131191, PROT_READ, MAP_PRIVATE, 5</etc/ld.so.cache>, 0) = 0x7f9e4d900000
29842 10:21:59.469935 close(5</etc/ld.so.cache>) = 0
29842 10:21:59.469952 access("/etc/ld.so.nohwcap", F_OK) = -1 ENOENT (No such file or directory)
29842 10:21:59.469970 open("/lib/x86_64-linux-gnu/libnss_nis.so.2", O_RDONLY|O_CLOEXEC) = 5</lib/x86_64-linux-gnu/libnss_nis-2.23.so>
29842 10:21:59.469988 read(5</lib/x86_64-linux-gnu/libnss_nis-2.23.so>, "\177ELF\2\1\1\0\0\0\0\0\0\0\0\0\3\0>\0\1\0\0\0\260 \0\0\0\0\0\0"..., 832) = 832
29842 10:21:59.470005 fstat(5</lib/x86_64-linux-gnu/libnss_nis-2.23.so>, {st_dev=makedev(8, 4), st_ino=3150108, st_mode=S_IFREG|0644, st_nlink=1, st_uid=0, st_gid=0, st_blksize=4096, st_blocks=96, st_size=47648, st_atime=2018/01/10-10:11:55.233964251, st_mtime=2017/06/16-16:57:15, st_ctime=2017/08/07-11:44:52.074444447}) = 0
29842 10:21:59.470028 mmap(NULL, 2143624, PROT_READ|PROT_EXEC, MAP_PRIVATE|MAP_DENYWRITE, 5</lib/x86_64-linux-gnu/libnss_nis-2.23.so>, 0) = 0x7f9e4a0eb000
29842 10:21:59.470046 mprotect(0x7f9e4a0f6000, 2093056, PROT_NONE) = 0
29842 10:21:59.470063 mmap(0x7f9e4a2f5000, 8192, PROT_READ|PROT_WRITE, MAP_PRIVATE|MAP_FIXED|MAP_DENYWRITE, 5</lib/x86_64-linux-gnu/libnss_nis-2.23.so>, 0xa000) = 0x7f9e4a2f5000
29842 10:21:59.470085 close(5</lib/x86_64-linux-gnu/libnss_nis-2.23.so>) = 0
29842 10:21:59.470104 access("/etc/ld.so.nohwcap", F_OK) = -1 ENOENT (No such file or directory)
29842 10:21:59.470120 open("/lib/x86_64-linux-gnu/libnss_files.so.2", O_RDONLY|O_CLOEXEC) = 5</lib/x86_64-linux-gnu/libnss_files-2.23.so>
29842 10:21:59.470139 read(5</lib/x86_64-linux-gnu/libnss_files-2.23.so>, "\177ELF\2\1\1\0\0\0\0\0\0\0\0\0\3\0>\0\1\0\0\0\260!\0\0\0\0\0\0"..., 832) = 832
29842 10:21:59.470158 fstat(5</lib/x86_64-linux-gnu/libnss_files-2.23.so>, {st_dev=makedev(8, 4), st_ino=3150105, st_mode=S_IFREG|0644, st_nlink=1, st_uid=0, st_gid=0, st_blksize=4096, st_blocks=96, st_size=47600, st_atime=2018/01/10-10:11:55.233964251, st_mtime=2017/06/16-16:57:15, st_ctime=2017/08/07-11:44:52.074444447}) = 0
29842 10:21:59.470181 mmap(NULL, 2168600, PROT_READ|PROT_EXEC, MAP_PRIVATE|MAP_DENYWRITE, 5</lib/x86_64-linux-gnu/libnss_files-2.23.so>, 0) = 0x7f9e49ed9000
29842 10:21:59.470199 mprotect(0x7f9e49ee4000, 2093056, PROT_NONE) = 0
29842 10:21:59.470216 mmap(0x7f9e4a0e3000, 8192, PROT_READ|PROT_WRITE, MAP_PRIVATE|MAP_FIXED|MAP_DENYWRITE, 5</lib/x86_64-linux-gnu/libnss_files-2.23.so>, 0xa000) = 0x7f9e4a0e3000
29842 10:21:59.470236 mmap(0x7f9e4a0e5000, 22296, PROT_READ|PROT_WRITE, MAP_PRIVATE|MAP_FIXED|MAP_ANONYMOUS, -1, 0) = 0x7f9e4a0e5000
29842 10:21:59.470253 close(5</lib/x86_64-linux-gnu/libnss_files-2.23.so>) = 0
29842 10:21:59.470279 mprotect(0x7f9e4a0e3000, 4096, PROT_READ) = 0
29842 10:21:59.470296 mprotect(0x7f9e4a2f5000, 4096, PROT_READ) = 0
29842 10:21:59.470312 munmap(0x7f9e4d900000, 131191) = 0
29842 10:21:59.470334 open("/etc/passwd", O_RDONLY|O_CLOEXEC) = 5</etc/passwd>
29842 10:21:59.488829 lseek(5</etc/passwd>, 0, SEEK_CUR) = 0
29842 10:21:59.488871 fstat(5</etc/passwd>, {st_dev=makedev(8, 4), st_ino=24644499, st_mode=S_IFREG|0644, st_nlink=1, st_uid=0, st_gid=0, st_blksize=4096, st_blocks=8, st_size=2643, st_atime=2018/01/09-11:14:03.556969365, st_mtime=2018/01/09-11:14:03.020958052, st_ctime=2018/01/09-11:14:03.052958728}) = 0
29842 10:21:59.488931 mmap(NULL, 2643, PROT_READ, MAP_SHARED, 5</etc/passwd>, 0) = 0x7f9e4d920000
29842 10:21:59.488964 lseek(5</etc/passwd>, 2643, SEEK_SET) = 2643
29842 10:21:59.489006 munmap(0x7f9e4d920000, 2643) = 0
29842 10:21:59.489024 close(5</etc/passwd>) = 0
29842 10:21:59.489056 open("/etc/shadow", O_RDONLY|O_CLOEXEC) = 5</etc/shadow>
29842 10:21:59.489080 lseek(5</etc/shadow>, 0, SEEK_CUR) = 0
29842 10:21:59.489107 fstat(5</etc/shadow>, {st_dev=makedev(8, 4), st_ino=24642064, st_mode=S_IFREG|0640, st_nlink=1, st_uid=0, st_gid=42, st_blksize=4096, st_blocks=8, st_size=1559, st_atime=2018/01/09-11:14:00.252899517, st_mtime=2018/01/09-11:14:00.156897484, st_ctime=2018/01/09-11:14:00.188898162}) = 0
29842 10:21:59.489133 mmap(NULL, 1559, PROT_READ, MAP_SHARED, 5</etc/shadow>, 0) = 0x7f9e4d920000
29842 10:21:59.489153 lseek(5</etc/shadow>, 1559, SEEK_SET) = 1559
29842 10:21:59.489182 munmap(0x7f9e4d920000, 1559) = 0
29842 10:21:59.489197 close(5</etc/shadow>) = 0
29842 10:21:59.489216 stat("/etc/securetty", {st_dev=makedev(8, 4), st_ino=24641744, st_mode=S_IFREG|0644, st_nlink=1, st_uid=0, st_gid=0, st_blksize=4096, st_blocks=8, st_size=4038, st_atime=2018/01/10-10:12:11.438304028, st_mtime=2016/03/29-05:25:06, st_ctime=2017/08/07-11:23:13.301063044}) = 0
29842 10:21:59.489241 open("/etc/securetty", O_RDONLY) = 5</etc/securetty>
29842 10:21:59.489260 fstat(5</etc/securetty>, {st_dev=makedev(8, 4), st_ino=24641744, st_mode=S_IFREG|0644, st_nlink=1, st_uid=0, st_gid=0, st_blksize=4096, st_blocks=8, st_size=4038, st_atime=2018/01/10-10:12:11.438304028, st_mtime=2016/03/29-05:25:06, st_ctime=2017/08/07-11:23:13.301063044}) = 0
29842 10:21:59.489286 read(5</etc/securetty>, "# /etc/securetty: list of termin"..., 4096) = 4038
29842 10:21:59.489320 read(5</etc/securetty>, "", 4096) = 0
29842 10:21:59.489336 close(5</etc/securetty>) = 0
29842 10:21:59.489352 mmap(NULL, 135168, PROT_READ|PROT_WRITE, MAP_PRIVATE|MAP_ANONYMOUS, -1, 0) = 0x7f9e4d900000
29842 10:21:59.494058 munmap(0x7f9e4d900000, 135168) = 0
29842 10:21:59.494084 open("/etc/passwd", O_RDONLY|O_CLOEXEC) = 5</etc/passwd>
29842 10:21:59.564189 lseek(5</etc/passwd>, 0, SEEK_CUR) = 0
29842 10:21:59.564222 fstat(5</etc/passwd>, {st_dev=makedev(8, 4), st_ino=24644499, st_mode=S_IFREG|0644, st_nlink=1, st_uid=0, st_gid=0, st_blksize=4096, st_blocks=8, st_size=2643, st_atime=2018/01/09-11:14:03.556969365, st_mtime=2018/01/09-11:14:03.020958052, st_ctime=2018/01/09-11:14:03.052958728}) = 0
29842 10:21:59.564272 mmap(NULL, 2643, PROT_READ, MAP_SHARED, 5</etc/passwd>, 0) = 0x7f9e4d920000
29842 10:21:59.564299 lseek(5</etc/passwd>, 2643, SEEK_SET) = 2643
29842 10:21:59.564334 munmap(0x7f9e4d920000, 2643) = 0
29842 10:21:59.564353 close(5</etc/passwd>) = 0
29842 10:21:59.564375 stat("/etc/shells", {st_dev=makedev(8, 4), st_ino=24645758, st_mode=S_IFREG|0644, st_nlink=1, st_uid=0, st_gid=0, st_blksize=4096, st_blocks=8, st_size=73, st_atime=2018/01/10-06:57:52.364621021, st_mtime=2017/08/11-14:49:11.763092598, st_ctime=2017/08/11-14:49:11.767092690}) = 0
29842 10:21:59.564403 open("/etc/shells", O_RDONLY) = 5</etc/shells>
29842 10:21:59.564435 fstat(5</etc/shells>, {st_dev=makedev(8, 4), st_ino=24645758, st_mode=S_IFREG|0644, st_nlink=1, st_uid=0, st_gid=0, st_blksize=4096, st_blocks=8, st_size=73, st_atime=2018/01/10-06:57:52.364621021, st_mtime=2017/08/11-14:49:11.763092598, st_ctime=2017/08/11-14:49:11.767092690}) = 0
29842 10:21:59.564460 read(5</etc/shells>, "# /etc/shells: valid login shell"..., 4096) = 73
29842 10:21:59.564481 close(5</etc/shells>) = 0
29842 10:21:59.564506 socket(PF_NETLINK, SOCK_RAW, NETLINK_AUDIT) = 5<socket:[3891302]>
29842 10:21:59.564529 fcntl(5<socket:[3891302]>, F_SETFD, FD_CLOEXEC) = 0
29842 10:21:59.564551 socket(PF_NETLINK, SOCK_RAW, NETLINK_ROUTE) = 6<socket:[3891303]>
29842 10:21:59.564569 bind(6<socket:[3891303]>, {sa_family=AF_NETLINK, pid=0, groups=00000000}, 12) = 0
29842 10:21:59.564587 getsockname(6<socket:[3891303]>, {sa_family=AF_NETLINK, pid=29842, groups=00000000}, [12]) = 0
29842 10:21:59.564606 sendto(6<socket:[3891303]>, "\24\0\0\0\26\0\1\3\227/VZ\0\0\0\0\0\0\0\0", 20, 0, {sa_family=AF_NETLINK, pid=0, groups=00000000}, 12) = 20
29842 10:21:59.564629 recvmsg(6<socket:[3891303]>, {msg_name(12)={sa_family=AF_NETLINK, pid=0, groups=00000000}, msg_iov(1)=[{"L\0\0\0\24\0\2\0\227/VZ\222t\0\0\2\10\200\376\1\0\0\0\10\0\1\0\177\0\0\1"..., 4096}], msg_controllen=0, msg_flags=0}, 0) = 336
29842 10:21:59.564653 recvmsg(6<socket:[3891303]>, {msg_name(12)={sa_family=AF_NETLINK, pid=0, groups=00000000}, msg_iov(1)=[{"H\0\0\0\24\0\2\0\227/VZ\222t\0\0\n\200\200\376\1\0\0\0\24\0\1\0\0\0\0\0"..., 4096}], msg_controllen=0, msg_flags=0}, 0) = 288
29842 10:21:59.564673 recvmsg(6<socket:[3891303]>, {msg_name(12)={sa_family=AF_NETLINK, pid=0, groups=00000000}, msg_iov(1)=[{"\24\0\0\0\3\0\2\0\227/VZ\222t\0\0\0\0\0\0", 4096}], msg_controllen=0, msg_flags=0}, 0) = 20
29842 10:21:59.564693 socket(PF_LOCAL, SOCK_STREAM|SOCK_CLOEXEC|SOCK_NONBLOCK, 0) = 7<socket:[3891304]>
29842 10:21:59.564711 connect(7<socket:[3891304]>, {sa_family=AF_LOCAL, sun_path="/var/run/nscd/socket"}, 110) = -1 ENOENT (No such file or directory)
29842 10:21:59.564732 close(7<socket:[3891304]>) = 0
29842 10:21:59.564750 close(6<socket:[3891303]>) = 0
29842 10:21:59.564777 readlink("/proc/self/exe", "/usr/sbin/vsftpd", 4096) = 16
29842 10:21:59.565265 sendto(5<socket:[3891302]>, "\214\0\0\0L\4\5\0\1\0\0\0\0\0\0\0op=PAM:authentic"..., 140, 0, {sa_family=AF_NETLINK, pid=0, groups=00000000}, 12) = 140
29842 10:21:59.622888 poll([{fd=5<socket:[3891302]>, events=POLLIN}], 1, 500) = 1 ([{fd=5, revents=POLLIN}])
29842 10:21:59.622930 recvfrom(5<socket:[3891302]>, "$\0\0\0\2\0\0\0\1\0\0\0\222t\0\0\0\0\0\0\214\0\0\0L\4\5\0\1\0\0\0"..., 8988, MSG_PEEK|MSG_DONTWAIT, {sa_family=AF_NETLINK, pid=0, groups=00000000}, [12]) = 36
29842 10:21:59.622973 recvfrom(5<socket:[3891302]>, "$\0\0\0\2\0\0\0\1\0\0\0\222t\0\0\0\0\0\0\214\0\0\0L\4\5\0\1\0\0\0"..., 8988, MSG_DONTWAIT, {sa_family=AF_NETLINK, pid=0, groups=00000000}, [12]) = 36
29842 10:21:59.623009 close(5<socket:[3891302]>) = 0
29842 10:21:59.623031 getuid()          = 0
29842 10:21:59.623046 open("/etc/login.defs", O_RDONLY) = 5</etc/login.defs>
29842 10:21:59.623068 fstat(5</etc/login.defs>, {st_dev=makedev(8, 4), st_ino=24641712, st_mode=S_IFREG|0644, st_nlink=1, st_uid=0, st_gid=0, st_blksize=4096, st_blocks=24, st_size=10551, st_atime=2018/01/09-15:17:01.269827459, st_mtime=2016/03/29-05:25:06, st_ctime=2017/08/07-11:23:13.297062493}) = 0
29842 10:21:59.623098 read(5</etc/login.defs>, "#\n# /etc/login.defs - Configurat"..., 4096) = 4096
29842 10:21:59.623126 read(5</etc/login.defs>, " issuing \n# the \"mesg y\" command"..., 4096) = 4096
29842 10:21:59.623151 read(5</etc/login.defs>, " algorithm compatible with the o"..., 4096) = 2359
29842 10:21:59.623170 close(5</etc/login.defs>) = 0
29842 10:21:59.623188 open("/etc/passwd", O_RDONLY|O_CLOEXEC) = 5</etc/passwd>
29842 10:21:59.731623 lseek(5</etc/passwd>, 0, SEEK_CUR) = 0
29842 10:21:59.731677 fstat(5</etc/passwd>, {st_dev=makedev(8, 4), st_ino=24644499, st_mode=S_IFREG|0644, st_nlink=1, st_uid=0, st_gid=0, st_blksize=4096, st_blocks=8, st_size=2643, st_atime=2018/01/09-11:14:03.556969365, st_mtime=2018/01/09-11:14:03.020958052, st_ctime=2018/01/09-11:14:03.052958728}) = 0
29842 10:21:59.731735 mmap(NULL, 2643, PROT_READ, MAP_SHARED, 5</etc/passwd>, 0) = 0x7f9e4d920000
29842 10:21:59.731758 lseek(5</etc/passwd>, 2643, SEEK_SET) = 2643
29842 10:21:59.731785 munmap(0x7f9e4d920000, 2643) = 0
29842 10:21:59.731802 close(5</etc/passwd>) = 0
29842 10:21:59.731823 open("/etc/shadow", O_RDONLY|O_CLOEXEC) = 5</etc/shadow>
29842 10:21:59.731845 lseek(5</etc/shadow>, 0, SEEK_CUR) = 0
29842 10:21:59.731861 fstat(5</etc/shadow>, {st_dev=makedev(8, 4), st_ino=24642064, st_mode=S_IFREG|0640, st_nlink=1, st_uid=0, st_gid=42, st_blksize=4096, st_blocks=8, st_size=1559, st_atime=2018/01/09-11:14:00.252899517, st_mtime=2018/01/09-11:14:00.156897484, st_ctime=2018/01/09-11:14:00.188898162}) = 0
29842 10:21:59.731885 mmap(NULL, 1559, PROT_READ, MAP_SHARED, 5</etc/shadow>, 0) = 0x7f9e4d920000
29842 10:21:59.731903 lseek(5</etc/shadow>, 1559, SEEK_SET) = 1559
29842 10:21:59.731928 munmap(0x7f9e4d920000, 1559) = 0
29842 10:21:59.731943 close(5</etc/shadow>) = 0
29842 10:21:59.731961 socket(PF_NETLINK, SOCK_RAW, NETLINK_AUDIT) = 5<socket:[3887481]>
29842 10:21:59.731980 fcntl(5<socket:[3887481]>, F_SETFD, FD_CLOEXEC) = 0
29842 10:21:59.731996 socket(PF_NETLINK, SOCK_RAW, NETLINK_ROUTE) = 6<socket:[3887482]>
29842 10:21:59.732013 bind(6<socket:[3887482]>, {sa_family=AF_NETLINK, pid=0, groups=00000000}, 12) = 0
29842 10:21:59.732031 getsockname(6<socket:[3887482]>, {sa_family=AF_NETLINK, pid=29842, groups=00000000}, [12]) = 0
29842 10:21:59.732049 sendto(6<socket:[3887482]>, "\24\0\0\0\26\0\1\3\227/VZ\0\0\0\0\0\0\0\0", 20, 0, {sa_family=AF_NETLINK, pid=0, groups=00000000}, 12) = 20
29842 10:21:59.732071 recvmsg(6<socket:[3887482]>, {msg_name(12)={sa_family=AF_NETLINK, pid=0, groups=00000000}, msg_iov(1)=[{"L\0\0\0\24\0\2\0\227/VZ\222t\0\0\2\10\200\376\1\0\0\0\10\0\1\0\177\0\0\1"..., 4096}], msg_controllen=0, msg_flags=0}, 0) = 336
29842 10:21:59.732095 recvmsg(6<socket:[3887482]>, {msg_name(12)={sa_family=AF_NETLINK, pid=0, groups=00000000}, msg_iov(1)=[{"H\0\0\0\24\0\2\0\227/VZ\222t\0\0\n\200\200\376\1\0\0\0\24\0\1\0\0\0\0\0"..., 4096}], msg_controllen=0, msg_flags=0}, 0) = 288
29842 10:21:59.732115 recvmsg(6<socket:[3887482]>, {msg_name(12)={sa_family=AF_NETLINK, pid=0, groups=00000000}, msg_iov(1)=[{"\24\0\0\0\3\0\2\0\227/VZ\222t\0\0\0\0\0\0", 4096}], msg_controllen=0, msg_flags=0}, 0) = 20
29842 10:21:59.732134 close(6<socket:[3887482]>) = 0
29842 10:21:59.732154 sendto(5<socket:[3887481]>, "\210\0\0\0M\4\5\0\2\0\0\0\0\0\0\0op=PAM:accountin"..., 136, 0, {sa_family=AF_NETLINK, pid=0, groups=00000000}, 12) = 136
29842 10:21:59.807151 poll([{fd=5<socket:[3887481]>, events=POLLIN}], 1, 500) = 1 ([{fd=5, revents=POLLIN}])
29842 10:21:59.807245 recvfrom(5<socket:[3887481]>, "$\0\0\0\2\0\0\0\2\0\0\0\222t\0\0\0\0\0\0\210\0\0\0M\4\5\0\2\0\0\0"..., 8988, MSG_PEEK|MSG_DONTWAIT, {sa_family=AF_NETLINK, pid=0, groups=00000000}, [12]) = 36
29842 10:21:59.807291 recvfrom(5<socket:[3887481]>, "$\0\0\0\2\0\0\0\2\0\0\0\222t\0\0\0\0\0\0\210\0\0\0M\4\5\0\2\0\0\0"..., 8988, MSG_DONTWAIT, {sa_family=AF_NETLINK, pid=0, groups=00000000}, [12]) = 36
29842 10:21:59.807313 close(5<socket:[3887481]>) = 0
29842 10:21:59.807338 socket(PF_NETLINK, SOCK_RAW, NETLINK_AUDIT) = 5<socket:[3887483]>
29842 10:21:59.807362 fcntl(5<socket:[3887483]>, F_SETFD, FD_CLOEXEC) = 0
29842 10:21:59.807381 socket(PF_NETLINK, SOCK_RAW, NETLINK_ROUTE) = 6<socket:[3887484]>
29842 10:21:59.807399 bind(6<socket:[3887484]>, {sa_family=AF_NETLINK, pid=0, groups=00000000}, 12) = 0
29842 10:21:59.807418 getsockname(6<socket:[3887484]>, {sa_family=AF_NETLINK, pid=29842, groups=00000000}, [12]) = 0
29842 10:21:59.807436 sendto(6<socket:[3887484]>, "\24\0\0\0\26\0\1\3\227/VZ\0\0\0\0\0\0\0\0", 20, 0, {sa_family=AF_NETLINK, pid=0, groups=00000000}, 12) = 20
29842 10:21:59.807461 recvmsg(6<socket:[3887484]>, {msg_name(12)={sa_family=AF_NETLINK, pid=0, groups=00000000}, msg_iov(1)=[{"L\0\0\0\24\0\2\0\227/VZ\222t\0\0\2\10\200\376\1\0\0\0\10\0\1\0\177\0\0\1"..., 4096}], msg_controllen=0, msg_flags=0}, 0) = 336
29842 10:21:59.807486 recvmsg(6<socket:[3887484]>, {msg_name(12)={sa_family=AF_NETLINK, pid=0, groups=00000000}, msg_iov(1)=[{"H\0\0\0\24\0\2\0\227/VZ\222t\0\0\n\200\200\376\1\0\0\0\24\0\1\0\0\0\0\0"..., 4096}], msg_controllen=0, msg_flags=0}, 0) = 288
29842 10:21:59.807506 recvmsg(6<socket:[3887484]>, {msg_name(12)={sa_family=AF_NETLINK, pid=0, groups=00000000}, msg_iov(1)=[{"\24\0\0\0\3\0\2\0\227/VZ\222t\0\0\0\0\0\0", 4096}], msg_controllen=0, msg_flags=0}, 0) = 20
29842 10:21:59.807525 close(6<socket:[3887484]>) = 0
29842 10:21:59.807548 sendto(5<socket:[3887483]>, "\204\0\0\0O\4\5\0\3\0\0\0\0\0\0\0op=PAM:setcred a"..., 132, 0, {sa_family=AF_NETLINK, pid=0, groups=00000000}, 12) = 132
29842 10:21:59.807571 poll([{fd=5<socket:[3887483]>, events=POLLIN}], 1, 500) = 1 ([{fd=5, revents=POLLIN}])
29842 10:21:59.807589 recvfrom(5<socket:[3887483]>, "$\0\0\0\2\0\0\0\3\0\0\0\222t\0\0\0\0\0\0\204\0\0\0O\4\5\0\3\0\0\0"..., 8988, MSG_PEEK|MSG_DONTWAIT, {sa_family=AF_NETLINK, pid=0, groups=00000000}, [12]) = 36
29842 10:21:59.807608 recvfrom(5<socket:[3887483]>, "$\0\0\0\2\0\0\0\3\0\0\0\222t\0\0\0\0\0\0\204\0\0\0O\4\5\0\3\0\0\0"..., 8988, MSG_DONTWAIT, {sa_family=AF_NETLINK, pid=0, groups=00000000}, [12]) = 36
29842 10:21:59.807626 close(5<socket:[3887483]>) = 0
29842 10:21:59.807659 munmap(0x7f9e4be22000, 2105520) = 0
29842 10:21:59.807695 munmap(0x7f9e4bc07000, 2204640) = 0
29842 10:21:59.807724 munmap(0x7f9e4b9cf000, 2322912) = 0
29842 10:21:59.807746 munmap(0x7f9e4b11e000, 2101288) = 0
29842 10:21:59.807767 munmap(0x7f9e4af1c000, 2101312) = 0
29842 10:21:59.807786 munmap(0x7f9e4ad19000, 2105576) = 0
29842 10:21:59.807810 munmap(0x7f9e4d8b6000, 278113) = 0
29842 10:21:59.807828 munmap(0x7f9e4a90d000, 2109744) = 0
29842 10:21:59.807848 munmap(0x7f9e4a70b000, 2101360) = 0
29842 10:21:59.807871 munmap(0x7f9e4a500000, 2138848) = 0
29842 10:21:59.807889 munmap(0x7f9e4b7ad000, 2234080) = 0
29842 10:21:59.807909 munmap(0x7f9e4b53d000, 2552072) = 0
29842 10:21:59.807946 fcntl(3</var/log/vsftpd.log>, F_SETLKW, {l_type=F_WRLCK, l_whence=SEEK_SET, l_start=0, l_len=0}) = 0
29842 10:21:59.807970 write(3</var/log/vsftpd.log>, "Wed Jan 10 10:21:59 2018 [pid 29"..., 77) = 77
29842 10:21:59.807999 fcntl(3</var/log/vsftpd.log>, F_SETLK, {l_type=F_UNLCK, l_whence=SEEK_SET, l_start=0, l_len=0}) = 0
29842 10:21:59.808024 rt_sigaction(SIGCHLD, {0x557d78355bb0, ~[RTMIN RT_1], SA_RESTORER, 0x7f9e4c69e4b0}, NULL, 8) = 0
29842 10:21:59.808042 write(4<socket:[3876334]>, "\1", 1) = 1
29843 10:21:59.808063 <... read resumed> "\1", 1) = 1
29842 10:21:59.808073 wait4(-1,  <unfinished ...>
29843 10:21:59.808080 exit_group(0)     = ?
29843 10:21:59.808187 +++ exited with 0 +++
29842 10:21:59.808199 <... wait4 resumed> [{WIFEXITED(s) && WEXITSTATUS(s) == 0}], 0, NULL) = 29843
29842 10:21:59.808211 --- SIGCHLD {si_signo=SIGCHLD, si_code=CLD_EXITED, si_pid=29843, si_uid=65534, si_status=0, si_utime=0, si_stime=0} ---
29842 10:21:59.808223 rt_sigreturn({mask=[]}) = 29843
29842 10:21:59.808239 close(4<socket:[3876334]>) = 0
29842 10:21:59.808259 socketpair(PF_LOCAL, SOCK_STREAM, 0, [4<socket:[3887485]>, 5<socket:[3887486]>]) = 0
29842 10:21:59.808282 rt_sigaction(SIGCHLD, {0x557d78355bb0, ~[RTMIN RT_1], SA_RESTORER, 0x7f9e4c69e4b0}, NULL, 8) = 0
29842 10:21:59.808297 rt_sigaction(SIGALRM, {0x557d78355b00, ~[RTMIN RT_1], SA_RESTORER, 0x7f9e4c69e4b0}, NULL, 8) = 0
29842 10:21:59.808316 clone(child_stack=0, flags=CLONE_NEWNET|SIGCHLD) = 29846
29846 10:21:59.968363 prctl(PR_SET_PDEATHSIG, SIGKILL <unfinished ...>
29842 10:21:59.968378 close(5<socket:[3887486]> <unfinished ...>
29846 10:21:59.968392 <... prctl resumed> ) = 0
29842 10:21:59.968397 <... close resumed> ) = 0
29846 10:21:59.968402 close(4<socket:[3887485]> <unfinished ...>
29842 10:21:59.968414 getuid( <unfinished ...>
29846 10:21:59.968419 <... close resumed> ) = 0
29842 10:21:59.968423 <... getuid resumed> ) = 0
29842 10:21:59.968465 open("/etc/passwd", O_RDONLY|O_CLOEXEC <unfinished ...>
29846 10:21:59.968477 open("/etc/passwd", O_RDONLY|O_CLOEXEC <unfinished ...>
29842 10:21:59.968499 <... open resumed> ) = 5</etc/passwd>
29842 10:21:59.968512 lseek(5</etc/passwd>, 0, SEEK_CUR) = 0
29842 10:21:59.968538 fstat(5</etc/passwd>, {st_dev=makedev(8, 4), st_ino=24644499, st_mode=S_IFREG|0644, st_nlink=1, st_uid=0, st_gid=0, st_blksize=4096, st_blocks=8, st_size=2643, st_atime=2018/01/09-11:14:03.556969365, st_mtime=2018/01/09-11:14:03.020958052, st_ctime=2018/01/09-11:14:03.052958728}) = 0
29842 10:21:59.968565 mmap(NULL, 2643, PROT_READ, MAP_SHARED, 5</etc/passwd>, 0) = 0x7f9e4d920000
29842 10:21:59.968584 lseek(5</etc/passwd>, 2643, SEEK_SET) = 2643
29842 10:21:59.968621 munmap(0x7f9e4d920000, 2643) = 0
29842 10:21:59.968645 close(5</etc/passwd>) = 0
29842 10:21:59.968671 setgroups(0, [])  = 0
29842 10:21:59.968689 chdir("/var/run/vsftpd/empty") = 0
29842 10:21:59.968711 chroot(".")       = 0
29842 10:21:59.968738 capget({_LINUX_CAPABILITY_VERSION_3, 0}, NULL) = 0
29842 10:21:59.968756 capget({_LINUX_CAPABILITY_VERSION_3, 0}, {CAP_CHOWN|CAP_DAC_OVERRIDE|CAP_DAC_READ_SEARCH|CAP_FOWNER|CAP_FSETID|CAP_KILL|CAP_SETGID|CAP_SETUID|CAP_SETPCAP|CAP_LINUX_IMMUTABLE|CAP_NET_BIND_SERVICE|CAP_NET_BROADCAST|CAP_NET_ADMIN|CAP_NET_RAW|CAP_IPC_LOCK|CAP_IPC_OWNER|CAP_SYS_MODULE|CAP_SYS_RAWIO|CAP_SYS_CHROOT|CAP_SYS_PTRACE|CAP_SYS_PACCT|CAP_SYS_ADMIN|CAP_SYS_BOOT|CAP_SYS_NICE|CAP_SYS_RESOURCE|CAP_SYS_TIME|CAP_SYS_TTY_CONFIG|CAP_MKNOD|CAP_LEASE|CAP_AUDIT_WRITE|CAP_AUDIT_CONTROL|CAP_SETFCAP|CAP_MAC_OVERRIDE|CAP_MAC_ADMIN|CAP_SYSLOG|CAP_WAKE_ALARM|CAP_BLOCK_SUSPEND|CAP_AUDIT_READ, CAP_CHOWN|CAP_DAC_OVERRIDE|CAP_DAC_READ_SEARCH|CAP_FOWNER|CAP_FSETID|CAP_KILL|CAP_SETGID|CAP_SETUID|CAP_SETPCAP|CAP_LINUX_IMMUTABLE|CAP_NET_BIND_SERVICE|CAP_NET_BROADCAST|CAP_NET_ADMIN|CAP_NET_RAW|CAP_IPC_LOCK|CAP_IPC_OWNER|CAP_SYS_MODULE|CAP_SYS_RAWIO|CAP_SYS_CHROOT|CAP_SYS_PTRACE|CAP_SYS_PACCT|CAP_SYS_ADMIN|CAP_SYS_BOOT|CAP_SYS_NICE|CAP_SYS_RESOURCE|CAP_SYS_TIME|CAP_SYS_TTY_CONFIG|CAP_MKNOD|CAP_LEASE|CAP_AUDIT_WRITE|CAP_AUDIT_CONTROL|CAP_SETFCAP|CAP_MAC_OVERRIDE|CAP_MAC_ADMIN|CAP_SYSLOG|CAP_WAKE_ALARM|CAP_BLOCK_SUSPEND|CAP_AUDIT_READ, 0}) = 0
29842 10:21:59.968822 prctl(PR_SET_KEEPCAPS, 0) = 0
29842 10:21:59.968891 prctl(PR_SET_KEEPCAPS, 1) = 0
29842 10:21:59.968922 setgid(65534)     = 0
29842 10:21:59.968946 setuid(65534)     = 0
29842 10:21:59.968968 capget({_LINUX_CAPABILITY_VERSION_3, 0}, NULL) = 0
29842 10:21:59.968993 capset({_LINUX_CAPABILITY_VERSION_3, 0}, {CAP_NET_BIND_SERVICE, CAP_NET_BIND_SERVICE, 0}) = 0
29842 10:21:59.969017 access("/", W_OK) = -1 EACCES (Permission denied)
29842 10:21:59.969049 prctl(PR_SET_NO_NEW_PRIVS, 1, 0, 0, 0) = 0
29842 10:21:59.969068 read(4<socket:[3887485]>,  <unfinished ...>
29846 10:22:00.026269 <... open resumed> ) = 4</etc/passwd>
29846 10:22:00.026318 lseek(4</etc/passwd>, 0, SEEK_CUR) = 0
29846 10:22:00.026354 fstat(4</etc/passwd>, {st_dev=makedev(8, 4), st_ino=24644499, st_mode=S_IFREG|0644, st_nlink=1, st_uid=0, st_gid=0, st_blksize=4096, st_blocks=8, st_size=2643, st_atime=2018/01/09-11:14:03.556969365, st_mtime=2018/01/09-11:14:03.020958052, st_ctime=2018/01/09-11:14:03.052958728}) = 0
29846 10:22:00.026403 mmap(NULL, 2643, PROT_READ, MAP_SHARED, 4</etc/passwd>, 0) = 0x7f9e4d920000
29846 10:22:00.026432 lseek(4</etc/passwd>, 2643, SEEK_SET) = 2643
29846 10:22:00.026479 munmap(0x7f9e4d920000, 2643) = 0
29846 10:22:00.026503 close(4</etc/passwd>) = 0
29846 10:22:00.026545 getuid()          = 0
29846 10:22:00.027136 open("/etc/passwd", O_RDONLY|O_CLOEXEC) = 4</etc/passwd>
29846 10:22:00.067471 lseek(4</etc/passwd>, 0, SEEK_CUR) = 0
29846 10:22:00.067508 fstat(4</etc/passwd>, {st_dev=makedev(8, 4), st_ino=24644499, st_mode=S_IFREG|0644, st_nlink=1, st_uid=0, st_gid=0, st_blksize=4096, st_blocks=8, st_size=2643, st_atime=2018/01/09-11:14:03.556969365, st_mtime=2018/01/09-11:14:03.020958052, st_ctime=2018/01/09-11:14:03.052958728}) = 0
29846 10:22:00.067561 mmap(NULL, 2643, PROT_READ, MAP_SHARED, 4</etc/passwd>, 0) = 0x7f9e4d920000
29846 10:22:00.067595 lseek(4</etc/passwd>, 2643, SEEK_SET) = 2643
29846 10:22:00.067636 munmap(0x7f9e4d920000, 2643) = 0
29846 10:22:00.067676 close(4</etc/passwd>) = 0
29846 10:22:00.067709 open("/proc/sys/kernel/ngroups_max", O_RDONLY) = 4</proc/sys/kernel/ngroups_max>
29846 10:22:00.067748 read(4</proc/sys/kernel/ngroups_max>, "65536\n", 31) = 6
29846 10:22:00.067778 close(4</proc/sys/kernel/ngroups_max>) = 0
29846 10:22:00.067805 socket(PF_LOCAL, SOCK_STREAM|SOCK_CLOEXEC|SOCK_NONBLOCK, 0) = 4<socket:[3883319]>
29846 10:22:00.067834 connect(4<socket:[3883319]>, {sa_family=AF_LOCAL, sun_path="/var/run/nscd/socket"}, 110) = -1 ENOENT (No such file or directory)
29846 10:22:00.067870 close(4<socket:[3883319]>) = 0
29846 10:22:00.067907 socket(PF_LOCAL, SOCK_STREAM|SOCK_CLOEXEC|SOCK_NONBLOCK, 0) = 4<socket:[3883320]>
29846 10:22:00.067930 connect(4<socket:[3883320]>, {sa_family=AF_LOCAL, sun_path="/var/run/nscd/socket"}, 110) = -1 ENOENT (No such file or directory)
29846 10:22:00.067951 close(4<socket:[3883320]>) = 0
29846 10:22:00.067990 open("/etc/group", O_RDONLY|O_CLOEXEC) = 4</etc/group>
29846 10:22:00.068011 lseek(4</etc/group>, 0, SEEK_CUR) = 0
29846 10:22:00.068027 fstat(4</etc/group>, {st_dev=makedev(8, 4), st_ino=24644731, st_mode=S_IFREG|0644, st_nlink=1, st_uid=0, st_gid=0, st_blksize=4096, st_blocks=8, st_size=1087, st_atime=2018/01/09-11:13:43.356538045, st_mtime=2018/01/09-11:13:43.184534328, st_ctime=2018/01/09-11:13:43.220535106}) = 0
29846 10:22:00.068052 mmap(NULL, 1087, PROT_READ, MAP_SHARED, 4</etc/group>, 0) = 0x7f9e4d920000
29846 10:22:00.068069 lseek(4</etc/group>, 1087, SEEK_SET) = 1087
29846 10:22:00.068117 fstat(4</etc/group>, {st_dev=makedev(8, 4), st_ino=24644731, st_mode=S_IFREG|0644, st_nlink=1, st_uid=0, st_gid=0, st_blksize=4096, st_blocks=8, st_size=1087, st_atime=2018/01/09-11:13:43.356538045, st_mtime=2018/01/09-11:13:43.184534328, st_ctime=2018/01/09-11:13:43.220535106}) = 0
29846 10:22:00.068141 munmap(0x7f9e4d920000, 1087) = 0
29846 10:22:00.068156 close(4</etc/group>) = 0
29846 10:22:00.068174 setgroups(1, [1001]) = 0
29846 10:22:00.068192 geteuid()         = 0
29846 10:22:00.068205 getegid()         = 0
29846 10:22:00.068219 setregid(-1, 1001) = 0
29846 10:22:00.068234 setreuid(-1, 1001) = 0
29846 10:22:00.068248 chdir("/home/sammy") = 0
29846 10:22:00.068266 chdir("/home/sammy/ftp") = 0
29846 10:22:00.068281 setreuid(-1, 0)   = 0
29846 10:22:00.068295 setregid(-1, 0)   = 0
29846 10:22:00.068310 chroot(".")       = 0
29846 10:22:00.068326 setgid(1001)      = 0
29846 10:22:00.068340 setuid(1001)      = 0
29846 10:22:00.068355 setrlimit(RLIMIT_NPROC, {rlim_cur=0, rlim_max=0}) = 0
29846 10:22:00.068371 access("/", W_OK) = -1 EACCES (Permission denied)
29846 10:22:00.068392 prctl(PR_SET_NO_NEW_PRIVS, 1, 0, 0, 0) = 0
29846 10:22:00.068408 mmap(NULL, 12288, PROT_READ|PROT_WRITE, MAP_PRIVATE|MAP_ANONYMOUS, -1, 0) = 0x7f9e4d91e000
29846 10:22:00.068424 mprotect(0x7f9e4d920000, 4096, PROT_NONE) = 0
29846 10:22:00.068441 mprotect(0x7f9e4d91e000, 4096, PROT_NONE) = 0
29846 10:22:00.068456 getcwd("/", 4096) = 2
29846 10:22:00.068472 umask(077)        = 077
29846 10:22:00.068486 getcwd("/", 4096) = 2
29846 10:22:00.068502 open(".message", O_RDONLY|O_NONBLOCK) = -1 ENOENT (No such file or directory)
29846 10:22:00.068525 write(0<socket:[3883314]>, "230 Login successful.\r\n", 23) = 23
29846 10:22:00.068588 rt_sigaction(SIGALRM, {0x557d78355bb0, ~[RTMIN RT_1], SA_RESTORER, 0x7f9e4c69e4b0}, NULL, 8) = 0
29846 10:22:00.068618 alarm(300)        = 0
29846 10:22:00.068638 mmap(NULL, 12288, PROT_READ|PROT_WRITE, MAP_PRIVATE|MAP_ANONYMOUS, -1, 0) = 0x7f9e4d91b000
29846 10:22:00.068664 mprotect(0x7f9e4d91d000, 4096, PROT_NONE) = 0
29846 10:22:00.068681 mprotect(0x7f9e4d91b000, 4096, PROT_NONE) = 0
29846 10:22:00.068696 recvfrom(0<socket:[3883314]>, "SYST\r\n", 4096, MSG_PEEK, NULL, NULL) = 6
29846 10:22:01.692036 read(0<socket:[3883314]>, "SYST\r\n", 6) = 6
29846 10:22:01.692103 write(0<socket:[3883314]>, "215 UNIX Type: L8\r\n", 19) = 19
29846 10:22:01.692160 rt_sigaction(SIGALRM, {0x557d78355bb0, ~[RTMIN RT_1], SA_RESTORER, 0x7f9e4c69e4b0}, NULL, 8) = 0
29846 10:22:01.692206 alarm(300)        = 298
29846 10:22:01.692222 recvfrom(0<socket:[3883314]>, "PASV\r\n", 4096, MSG_PEEK, NULL, NULL) = 6
29846 10:22:09.438157 read(0<socket:[3883314]>, "PASV\r\n", 6) = 6
29846 10:22:09.438223 write(5<socket:[3887486]>, "\n", 1) = 1
29846 10:22:09.438275 read(5<socket:[3887486]>,  <unfinished ...>
29842 10:22:09.438283 <... read resumed> "\n", 1) = 1
29842 10:22:09.438319 write(4<socket:[3887485]>, "\1", 1) = 1
29846 10:22:09.438361 <... read resumed> "\1", 1) = 1
29842 10:22:09.438367 read(4<socket:[3887485]>,  <unfinished ...>
29846 10:22:09.438374 write(5<socket:[3887486]>, "\f", 1) = 1
29846 10:22:09.438392 read(5<socket:[3887486]>,  <unfinished ...>
29842 10:22:09.438399 <... read resumed> "\f", 1) = 1
29842 10:22:09.438419 socket(PF_INET, SOCK_STREAM, IPPROTO_TCP) = 5<socket:[3887526]>
29842 10:22:09.438445 setsockopt(5<socket:[3887526]>, SOL_SOCKET, SO_REUSEADDR, [1], 4) = 0
29842 10:22:09.438466 bind(5<socket:[3887526]>, {sa_family=AF_INET, sin_port=htons(25911), sin_addr=inet_addr("10.144.25.70")}, 16) = 0
29842 10:22:09.438489 listen(5<socket:[3887526]>, 1) = 0
29842 10:22:09.438506 write(4<socket:[3887485]>, "7e\0\0", 4 <unfinished ...>
29846 10:22:09.438520 <... read resumed> "7e\0\0", 4) = 4
29842 10:22:09.438526 <... write resumed> ) = 4
29842 10:22:09.438536 read(4<socket:[3887485]>,  <unfinished ...>
29846 10:22:09.438543 write(0<socket:[3883314]>, "227 Entering Passive Mode (10,14"..., 50) = 50
29846 10:22:09.438572 rt_sigaction(SIGALRM, {0x557d78355bb0, ~[RTMIN RT_1], SA_RESTORER, 0x7f9e4c69e4b0}, NULL, 8) = 0
29846 10:22:09.438590 alarm(300)        = 292
29846 10:22:09.438606 recvfrom(0<socket:[3883314]>, "LIST\r\n", 4096, MSG_PEEK, NULL, NULL) = 6
29846 10:22:15.650203 read(0<socket:[3883314]>, "LIST\r\n", 6) = 6
29846 10:22:15.650313 write(5<socket:[3887486]>, "\v", 1) = 1
29842 10:22:15.650381 <... read resumed> "\v", 1) = 1
29846 10:22:15.650398 read(5<socket:[3887486]>,  <unfinished ...>
29842 10:22:15.650423 write(4<socket:[3887485]>, "\1\0\0\0", 4 <unfinished ...>
29846 10:22:15.650473 <... read resumed> "\1\0\0\0", 4) = 4
29842 10:22:15.650490 <... write resumed> ) = 4
29846 10:22:15.650496 open(".", O_RDONLY|O_NONBLOCK|O_DIRECTORY|O_CLOEXEC) = 4</home/sammy/ftp>
29842 10:22:15.650521 read(4<socket:[3887485]>,  <unfinished ...>
29846 10:22:15.650529 fstat(4</home/sammy/ftp>, {st_dev=makedev(8, 4), st_ino=25822256, st_mode=S_IFDIR|0555, st_nlink=3, st_uid=65534, st_gid=65534, st_blksize=4096, st_blocks=8, st_size=4096, st_atime=2018/01/09-11:17:23.772810599, st_mtime=2018/01/09-11:17:07.280516966, st_ctime=2018/01/09-11:17:07.280516966}) = 0
29846 10:22:15.650560 write(5<socket:[3887486]>, "\v", 1) = 1
29846 10:22:15.650580 read(5<socket:[3887486]>,  <unfinished ...>
29842 10:22:15.650591 <... read resumed> "\v", 1) = 1
29842 10:22:15.650607 write(4<socket:[3887485]>, "\1\0\0\0", 4 <unfinished ...>
29846 10:22:15.650620 <... read resumed> "\1\0\0\0", 4) = 4
29842 10:22:15.650627 <... write resumed> ) = 4
29846 10:22:15.650631 write(5<socket:[3887486]>, "\v", 1 <unfinished ...>
29842 10:22:15.650638 read(4<socket:[3887485]>,  <unfinished ...>
29846 10:22:15.650645 <... write resumed> ) = 1
29842 10:22:15.650649 <... read resumed> "\v", 1) = 1
29846 10:22:15.650655 read(5<socket:[3887486]>,  <unfinished ...>
29842 10:22:15.650661 write(4<socket:[3887485]>, "\1\0\0\0", 4 <unfinished ...>
29846 10:22:15.650672 <... read resumed> "\1\0\0\0", 4) = 4
29842 10:22:15.650682 <... write resumed> ) = 4
29846 10:22:15.650687 write(5<socket:[3887486]>, "\r", 1 <unfinished ...>
29842 10:22:15.650695 read(4<socket:[3887485]>,  <unfinished ...>
29846 10:22:15.650701 <... write resumed> ) = 1
29842 10:22:15.650706 <... read resumed> "\r", 1) = 1
29846 10:22:15.650711 read(5<socket:[3887486]>,  <unfinished ...>
29842 10:22:15.650718 select(6, [5<socket:[3887526]>], NULL, NULL, {60, 0}) = 1 (in [5], left {59, 999999})
29842 10:22:15.650741 accept(5<socket:[3887526]>, {sa_family=AF_INET, sin_port=htons(55535), sin_addr=inet_addr("10.144.74.17")}, [16]) = 6<socket:[3887527]>
29842 10:22:15.650768 write(4<socket:[3887485]>, "\1", 1 <unfinished ...>
29846 10:22:15.650780 <... read resumed> "\1", 1) = 1
29842 10:22:15.650786 <... write resumed> ) = 1
29846 10:22:15.650791 recvmsg(5<socket:[3887486]>,  <unfinished ...>
29842 10:22:15.650797 sendmsg(4<socket:[3887485]>, {msg_name(0)=NULL, msg_iov(1)=[{"\0", 1}], msg_controllen=20, [{cmsg_len=20, cmsg_level=SOL_SOCKET, cmsg_type=SCM_RIGHTS, [6<socket:[3887527]>]}], msg_flags=0}, 0) = 1
29846 10:22:15.650818 <... recvmsg resumed> {msg_name(0)=NULL, msg_iov(1)=[{"\0", 1}], msg_controllen=24, [{cmsg_len=20, cmsg_level=SOL_SOCKET, cmsg_type=SCM_RIGHTS, [6<socket:[3887527]>]}], msg_flags=0}, 0) = 1
29842 10:22:15.650831 close(6<socket:[3887527]> <unfinished ...>
29846 10:22:15.650837 setsockopt(6<socket:[3887527]>, SOL_SOCKET, SO_KEEPALIVE, [1], 4 <unfinished ...>
29842 10:22:15.650845 <... close resumed> ) = 0
29846 10:22:15.650850 <... setsockopt resumed> ) = 0
29842 10:22:15.650855 read(4<socket:[3887485]>,  <unfinished ...>
29846 10:22:15.650861 setsockopt(6<socket:[3887527]>, SOL_IP, IP_TOS, [8], 4) = 0
29846 10:22:15.650879 rt_sigaction(SIGALRM, {0x557d78355bb0, ~[RTMIN RT_1], SA_RESTORER, 0x7f9e4c69e4b0}, NULL, 8) = 0
29846 10:22:15.650897 alarm(300)        = 294
29846 10:22:15.650916 write(0<socket:[3883314]>, "150 Here comes the directory lis"..., 39) = 39
29846 10:22:15.650947 getdents(4</home/sammy/ftp>, [{d_ino=25822257, d_off=6329168593019713804, d_reclen=32, d_name="files", d_type=DT_DIR}, {d_ino=25822256, d_off=7072323760915021184, d_reclen=24, d_name=".", d_type=DT_DIR}, {d_ino=25822251, d_off=9223372036854775807, d_reclen=24, d_name="..", d_type=DT_DIR}], 32768) = 80
29846 10:22:15.650972 lstat("files", {st_dev=makedev(8, 4), st_ino=25822257, st_mode=S_IFDIR|0755, st_nlink=2, st_uid=1001, st_gid=1001, st_blksize=4096, st_blocks=8, st_size=4096, st_atime=2018/01/10-09:32:07.916045645, st_mtime=2018/01/10-08:17:11.534336108, st_ctime=2018/01/10-08:17:11.534336108}) = 0
29846 10:22:15.651008 getdents(4</home/sammy/ftp>, [], 32768) = 0
29846 10:22:15.651027 write(6<socket:[3887527]>, "drwxr-xr-x    2 1001     1001   "..., 63) = 63
29846 10:22:15.651052 rt_sigaction(SIGALRM, {0x557d78355bb0, ~[RTMIN RT_1], SA_RESTORER, 0x7f9e4c69e4b0}, NULL, 8) = 0
29846 10:22:15.651067 alarm(300)        = 300
29846 10:22:15.651081 setsockopt(6<socket:[3887527]>, SOL_SOCKET, SO_LINGER, {onoff=1, linger=600}, 8) = 0
29846 10:22:15.651099 close(6<socket:[3887527]>) = 0
29846 10:22:16.941554 alarm(0)          = 299
29846 10:22:16.941605 write(0<socket:[3883314]>, "226 Directory send OK.\r\n", 24) = 24
29846 10:22:16.941666 close(4</home/sammy/ftp>) = 0
29846 10:22:16.941709 write(5<socket:[3887486]>, "\n", 1) = 1
29842 10:22:16.941728 <... read resumed> "\n", 1) = 1
29846 10:22:16.941736 read(5<socket:[3887486]>,  <unfinished ...>
29842 10:22:16.941743 close(5<socket:[3887526]>) = 0
29842 10:22:16.941764 write(4<socket:[3887485]>, "\1", 1) = 1
29846 10:22:16.941780 <... read resumed> "\1", 1) = 1
29842 10:22:16.941786 read(4<socket:[3887485]>,  <unfinished ...>
29846 10:22:16.941793 rt_sigaction(SIGALRM, {0x557d78355bb0, ~[RTMIN RT_1], SA_RESTORER, 0x7f9e4c69e4b0}, NULL, 8) = 0
29846 10:22:16.941810 alarm(300)        = 0
29846 10:22:16.941824 recvfrom(0<socket:[3883314]>, "CWD files\r\n", 4096, MSG_PEEK, NULL, NULL) = 11
29846 10:22:55.982278 read(0<socket:[3883314]>, "CWD files\r\n", 11) = 11
29846 10:22:55.982332 chdir("files")    = 0
29846 10:22:55.982378 getcwd("/files", 4096) = 7
29846 10:22:55.982398 open(".message", O_RDONLY|O_NONBLOCK) = -1 ENOENT (No such file or directory)
29846 10:22:55.982421 write(0<socket:[3883314]>, "250 Directory successfully chang"..., 37) = 37
29846 10:22:55.982449 rt_sigaction(SIGALRM, {0x557d78355bb0, ~[RTMIN RT_1], SA_RESTORER, 0x7f9e4c69e4b0}, NULL, 8) = 0
29846 10:22:55.982468 alarm(300)        = 261
29846 10:22:55.982483 recvfrom(0<socket:[3883314]>, "PASV\r\n", 4096, MSG_PEEK, NULL, NULL) = 6
29846 10:23:00.019531 read(0<socket:[3883314]>, "PASV\r\n", 6) = 6
29846 10:23:00.019584 write(5<socket:[3887486]>, "\n", 1) = 1
29846 10:23:00.019619 read(5<socket:[3887486]>,  <unfinished ...>
29842 10:23:00.019628 <... read resumed> "\n", 1) = 1
29842 10:23:00.019656 write(4<socket:[3887485]>, "\1", 1 <unfinished ...>
29846 10:23:00.019691 <... read resumed> "\1", 1) = 1
29842 10:23:00.019698 <... write resumed> ) = 1
29846 10:23:00.019702 write(5<socket:[3887486]>, "\f", 1) = 1
29846 10:23:00.019719 read(5<socket:[3887486]>,  <unfinished ...>
29842 10:23:00.019726 read(4<socket:[3887485]>, "\f", 1) = 1
29842 10:23:00.019774 socket(PF_INET, SOCK_STREAM, IPPROTO_TCP) = 5<socket:[3887982]>
29842 10:23:00.019800 setsockopt(5<socket:[3887982]>, SOL_SOCKET, SO_REUSEADDR, [1], 4) = 0
29842 10:23:00.019820 bind(5<socket:[3887982]>, {sa_family=AF_INET, sin_port=htons(13772), sin_addr=inet_addr("10.144.25.70")}, 16) = 0
29842 10:23:00.019842 listen(5<socket:[3887982]>, 1) = 0
29842 10:23:00.019860 write(4<socket:[3887485]>, "\3145\0\0", 4 <unfinished ...>
29846 10:23:00.019873 <... read resumed> "\3145\0\0", 4) = 4
29842 10:23:00.019879 <... write resumed> ) = 4
29846 10:23:00.019887 write(0<socket:[3883314]>, "227 Entering Passive Mode (10,14"..., 50 <unfinished ...>
29842 10:23:00.019896 read(4<socket:[3887485]>,  <unfinished ...>
29846 10:23:00.019909 <... write resumed> ) = 50
29846 10:23:00.019918 rt_sigaction(SIGALRM, {0x557d78355bb0, ~[RTMIN RT_1], SA_RESTORER, 0x7f9e4c69e4b0}, NULL, 8) = 0
29846 10:23:00.019935 alarm(300)        = 296
29846 10:23:00.019950 recvfrom(0<socket:[3883314]>, "LIST\r\n", 4096, MSG_PEEK, NULL, NULL) = 6
29846 10:23:04.427463 read(0<socket:[3883314]>, "LIST\r\n", 6) = 6
29846 10:23:04.427517 write(5<socket:[3887486]>, "\v", 1) = 1
29846 10:23:04.427550 read(5<socket:[3887486]>,  <unfinished ...>
29842 10:23:04.427560 <... read resumed> "\v", 1) = 1
29842 10:23:04.427591 write(4<socket:[3887485]>, "\1\0\0\0", 4 <unfinished ...>
29846 10:23:04.427627 <... read resumed> "\1\0\0\0", 4) = 4
29842 10:23:04.427633 <... write resumed> ) = 4
29846 10:23:04.427638 open(".", O_RDONLY|O_NONBLOCK|O_DIRECTORY|O_CLOEXEC) = 4</home/sammy/ftp/files>
29842 10:23:04.427660 read(4<socket:[3887485]>,  <unfinished ...>
29846 10:23:04.427667 fstat(4</home/sammy/ftp/files>, {st_dev=makedev(8, 4), st_ino=25822257, st_mode=S_IFDIR|0755, st_nlink=2, st_uid=1001, st_gid=1001, st_blksize=4096, st_blocks=8, st_size=4096, st_atime=2018/01/10-09:32:07.916045645, st_mtime=2018/01/10-10:22:47.555644208, st_ctime=2018/01/10-10:22:47.555644208}) = 0
29846 10:23:04.427695 write(5<socket:[3887486]>, "\v", 1) = 1
29846 10:23:04.427713 read(5<socket:[3887486]>,  <unfinished ...>
29842 10:23:04.427724 <... read resumed> "\v", 1) = 1
29842 10:23:04.427740 write(4<socket:[3887485]>, "\1\0\0\0", 4 <unfinished ...>
29846 10:23:04.427753 <... read resumed> "\1\0\0\0", 4) = 4
29842 10:23:04.427759 <... write resumed> ) = 4
29846 10:23:04.427764 write(5<socket:[3887486]>, "\v", 1 <unfinished ...>
29842 10:23:04.427771 read(4<socket:[3887485]>,  <unfinished ...>
29846 10:23:04.427777 <... write resumed> ) = 1
29842 10:23:04.427782 <... read resumed> "\v", 1) = 1
29846 10:23:04.427787 read(5<socket:[3887486]>,  <unfinished ...>
29842 10:23:04.427793 write(4<socket:[3887485]>, "\1\0\0\0", 4 <unfinished ...>
29846 10:23:04.427804 <... read resumed> "\1\0\0\0", 4) = 4
29842 10:23:04.427810 <... write resumed> ) = 4
29846 10:23:04.427815 write(5<socket:[3887486]>, "\r", 1 <unfinished ...>
29842 10:23:04.427822 read(4<socket:[3887485]>,  <unfinished ...>
29846 10:23:04.427832 <... write resumed> ) = 1
29842 10:23:04.427837 <... read resumed> "\r", 1) = 1
29846 10:23:04.427843 read(5<socket:[3887486]>,  <unfinished ...>
29842 10:23:04.427849 select(6, [5<socket:[3887982]>], NULL, NULL, {60, 0}) = 1 (in [5], left {59, 999998})
29842 10:23:04.427873 accept(5<socket:[3887982]>, {sa_family=AF_INET, sin_port=htons(55539), sin_addr=inet_addr("10.144.74.17")}, [16]) = 6<socket:[3887983]>
29842 10:23:04.427900 write(4<socket:[3887485]>, "\1", 1 <unfinished ...>
29846 10:23:04.427912 <... read resumed> "\1", 1) = 1
29842 10:23:04.427918 <... write resumed> ) = 1
29846 10:23:04.427923 recvmsg(5<socket:[3887486]>,  <unfinished ...>
29842 10:23:04.427929 sendmsg(4<socket:[3887485]>, {msg_name(0)=NULL, msg_iov(1)=[{"\0", 1}], msg_controllen=20, [{cmsg_len=20, cmsg_level=SOL_SOCKET, cmsg_type=SCM_RIGHTS, [6<socket:[3887983]>]}], msg_flags=0}, 0) = 1
29846 10:23:04.427950 <... recvmsg resumed> {msg_name(0)=NULL, msg_iov(1)=[{"\0", 1}], msg_controllen=24, [{cmsg_len=20, cmsg_level=SOL_SOCKET, cmsg_type=SCM_RIGHTS, [6<socket:[3887983]>]}], msg_flags=0}, 0) = 1
29842 10:23:04.427962 close(6<socket:[3887983]> <unfinished ...>
29846 10:23:04.427968 setsockopt(6<socket:[3887983]>, SOL_SOCKET, SO_KEEPALIVE, [1], 4 <unfinished ...>
29842 10:23:04.427976 <... close resumed> ) = 0
29846 10:23:04.427981 <... setsockopt resumed> ) = 0
29842 10:23:04.427985 read(4<socket:[3887485]>,  <unfinished ...>
29846 10:23:04.427991 setsockopt(6<socket:[3887983]>, SOL_IP, IP_TOS, [8], 4) = 0
29846 10:23:04.428010 rt_sigaction(SIGALRM, {0x557d78355bb0, ~[RTMIN RT_1], SA_RESTORER, 0x7f9e4c69e4b0}, NULL, 8) = 0
29846 10:23:04.428027 alarm(300)        = 296
29846 10:23:04.428045 write(0<socket:[3883314]>, "150 Here comes the directory lis"..., 39) = 39
29846 10:23:04.428073 getdents(4</home/sammy/ftp/files>, [{d_ino=25822257, d_off=7072323760915021184, d_reclen=24, d_name=".", d_type=DT_DIR}, {d_ino=25822256, d_off=8373409714294092263, d_reclen=24, d_name="..", d_type=DT_DIR}, {d_ino=25822258, d_off=9223372036854775807, d_reclen=32, d_name="test.txt", d_type=DT_REG}], 32768) = 80
29846 10:23:04.428101 lstat("test.txt", {st_dev=makedev(8, 4), st_ino=25822258, st_mode=S_IFREG|0644, st_nlink=1, st_uid=0, st_gid=0, st_blksize=4096, st_blocks=8, st_size=17, st_atime=2018/01/09-11:25:52.100993348, st_mtime=2018/01/09-11:18:47.686261433, st_ctime=2018/01/09-11:18:47.686261433}) = 0
29846 10:23:04.428133 getdents(4</home/sammy/ftp/files>, [], 32768) = 0
29846 10:23:04.428150 write(6<socket:[3887983]>, "-rw-r--r--    1 0        0      "..., 66) = 66
29846 10:23:04.428175 rt_sigaction(SIGALRM, {0x557d78355bb0, ~[RTMIN RT_1], SA_RESTORER, 0x7f9e4c69e4b0}, NULL, 8) = 0
29846 10:23:04.428191 alarm(300)        = 300
29846 10:23:04.428205 setsockopt(6<socket:[3887983]>, SOL_SOCKET, SO_LINGER, {onoff=1, linger=600}, 8) = 0
29846 10:23:04.428223 close(6<socket:[3887983]>) = 0
29846 10:23:06.058339 alarm(0)          = 298
29846 10:23:06.058367 write(0<socket:[3883314]>, "226 Directory send OK.\r\n", 24) = 24
29846 10:23:06.058406 close(4</home/sammy/ftp/files>) = 0
29846 10:23:06.058426 write(5<socket:[3887486]>, "\n", 1) = 1
29846 10:23:06.058450 read(5<socket:[3887486]>,  <unfinished ...>
29842 10:23:06.058457 <... read resumed> "\n", 1) = 1
29842 10:23:06.058485 close(5<socket:[3887982]>) = 0
29842 10:23:06.058518 write(4<socket:[3887485]>, "\1", 1 <unfinished ...>
29846 10:23:06.058551 <... read resumed> "\1", 1) = 1
29842 10:23:06.058557 <... write resumed> ) = 1
29846 10:23:06.058561 rt_sigaction(SIGALRM, {0x557d78355bb0, ~[RTMIN RT_1], SA_RESTORER, 0x7f9e4c69e4b0}, NULL, 8) = 0
29846 10:23:06.058579 alarm(300 <unfinished ...>
29842 10:23:06.058584 read(4<socket:[3887485]>,  <unfinished ...>
29846 10:23:06.058590 <... alarm resumed> ) = 0
29846 10:23:06.058598 recvfrom(0<socket:[3883314]>, "TYPE I\r\n", 4096, MSG_PEEK, NULL, NULL) = 8
29846 10:23:22.181991 read(0<socket:[3883314]>, "TYPE I\r\n", 8) = 8
29846 10:23:22.182063 write(0<socket:[3883314]>, "200 Switching to Binary mode.\r\n", 31) = 31
29846 10:23:22.182137 rt_sigaction(SIGALRM, {0x557d78355bb0, ~[RTMIN RT_1], SA_RESTORER, 0x7f9e4c69e4b0}, NULL, 8) = 0
29846 10:23:22.182164 alarm(300)        = 284
29846 10:23:22.182181 recvfrom(0<socket:[3883314]>, "PASV\r\n", 4096, MSG_PEEK, NULL, NULL) = 6
29846 10:23:24.504450 read(0<socket:[3883314]>, "PASV\r\n", 6) = 6
29846 10:23:24.504560 write(5<socket:[3887486]>, "\n", 1) = 1
29842 10:23:24.504627 <... read resumed> "\n", 1) = 1
29846 10:23:24.504645 read(5<socket:[3887486]>,  <unfinished ...>
29842 10:23:24.504656 write(4<socket:[3887485]>, "\1", 1 <unfinished ...>
29846 10:23:24.504679 <... read resumed> "\1", 1) = 1
29842 10:23:24.504687 <... write resumed> ) = 1
29846 10:23:24.504692 write(5<socket:[3887486]>, "\f", 1 <unfinished ...>
29842 10:23:24.504700 read(4<socket:[3887485]>,  <unfinished ...>
29846 10:23:24.504707 <... write resumed> ) = 1
29842 10:23:24.504711 <... read resumed> "\f", 1) = 1
29846 10:23:24.504717 read(5<socket:[3887486]>,  <unfinished ...>
29842 10:23:24.504723 socket(PF_INET, SOCK_STREAM, IPPROTO_TCP) = 5<socket:[3888030]>
29842 10:23:24.504752 setsockopt(5<socket:[3888030]>, SOL_SOCKET, SO_REUSEADDR, [1], 4) = 0
29842 10:23:24.504773 bind(5<socket:[3888030]>, {sa_family=AF_INET, sin_port=htons(23243), sin_addr=inet_addr("10.144.25.70")}, 16) = 0
29842 10:23:24.504807 listen(5<socket:[3888030]>, 1) = 0
29842 10:23:24.504826 write(4<socket:[3887485]>, "\313Z\0\0", 4 <unfinished ...>
29846 10:23:24.504839 <... read resumed> "\313Z\0\0", 4) = 4
29842 10:23:24.504846 <... write resumed> ) = 4
29846 10:23:24.504853 write(0<socket:[3883314]>, "227 Entering Passive Mode (10,14"..., 50 <unfinished ...>
29842 10:23:24.504863 read(4<socket:[3887485]>,  <unfinished ...>
29846 10:23:24.504875 <... write resumed> ) = 50
29846 10:23:24.504884 rt_sigaction(SIGALRM, {0x557d78355bb0, ~[RTMIN RT_1], SA_RESTORER, 0x7f9e4c69e4b0}, NULL, 8) = 0
29846 10:23:24.504902 alarm(300)        = 298
29846 10:23:24.504917 recvfrom(0<socket:[3883314]>, "RETR test.txt\r\n", 4096, MSG_PEEK, NULL, NULL) = 15
29846 10:23:28.229083 read(0<socket:[3883314]>, "RETR test.txt\r\n", 15) = 15
29846 10:23:28.229136 write(5<socket:[3887486]>, "\v", 1) = 1
29846 10:23:28.229170 read(5<socket:[3887486]>,  <unfinished ...>
29842 10:23:28.229180 <... read resumed> "\v", 1) = 1
29842 10:23:28.229223 write(4<socket:[3887485]>, "\1\0\0\0", 4 <unfinished ...>
29846 10:23:28.229259 <... read resumed> "\1\0\0\0", 4) = 4
29842 10:23:28.229268 <... write resumed> ) = 4
29846 10:23:28.229273 getcwd("/files", 4096) = 7
29842 10:23:28.229287 read(4<socket:[3887485]>,  <unfinished ...>
29846 10:23:28.229295 open("test.txt", O_RDONLY|O_NONBLOCK) = 4</home/sammy/ftp/files/test.txt>
29846 10:23:28.229321 fcntl(4</home/sammy/ftp/files/test.txt>, F_SETLKW, {l_type=F_RDLCK, l_whence=SEEK_SET, l_start=0, l_len=0}) = 0
29846 10:23:28.229341 fstat(4</home/sammy/ftp/files/test.txt>, {st_dev=makedev(8, 4), st_ino=25822258, st_mode=S_IFREG|0644, st_nlink=1, st_uid=0, st_gid=0, st_blksize=4096, st_blocks=8, st_size=17, st_atime=2018/01/09-11:25:52.100993348, st_mtime=2018/01/09-11:18:47.686261433, st_ctime=2018/01/09-11:18:47.686261433}) = 0
29846 10:23:28.229368 fcntl(4</home/sammy/ftp/files/test.txt>, F_GETFL) = 0x8800 (flags O_RDONLY|O_NONBLOCK|O_LARGEFILE)
29846 10:23:28.229385 fcntl(4</home/sammy/ftp/files/test.txt>, F_SETFL, O_RDONLY|O_LARGEFILE) = 0
29846 10:23:28.229404 write(5<socket:[3887486]>, "\v", 1) = 1
29842 10:23:28.229420 <... read resumed> "\v", 1) = 1
29846 10:23:28.229426 read(5<socket:[3887486]>,  <unfinished ...>
29842 10:23:28.229450 write(4<socket:[3887485]>, "\1\0\0\0", 4 <unfinished ...>
29846 10:23:28.229464 <... read resumed> "\1\0\0\0", 4) = 4
29842 10:23:28.229471 <... write resumed> ) = 4
29846 10:23:28.229475 write(5<socket:[3887486]>, "\v", 1 <unfinished ...>
29842 10:23:28.229483 read(4<socket:[3887485]>,  <unfinished ...>
29846 10:23:28.229489 <... write resumed> ) = 1
29842 10:23:28.229494 <... read resumed> "\v", 1) = 1
29846 10:23:28.229500 read(5<socket:[3887486]>,  <unfinished ...>
29842 10:23:28.229506 write(4<socket:[3887485]>, "\1\0\0\0", 4 <unfinished ...>
29846 10:23:28.229521 <... read resumed> "\1\0\0\0", 4) = 4
29842 10:23:28.229528 <... write resumed> ) = 4
29846 10:23:28.229533 write(5<socket:[3887486]>, "\r", 1 <unfinished ...>
29842 10:23:28.229540 read(4<socket:[3887485]>,  <unfinished ...>
29846 10:23:28.229546 <... write resumed> ) = 1
29842 10:23:28.229551 <... read resumed> "\r", 1) = 1
29846 10:23:28.229556 read(5<socket:[3887486]>,  <unfinished ...>
29842 10:23:28.229563 select(6, [5<socket:[3888030]>], NULL, NULL, {60, 0}) = 1 (in [5], left {59, 999998})
29842 10:23:28.229586 accept(5<socket:[3888030]>, {sa_family=AF_INET, sin_port=htons(55541), sin_addr=inet_addr("10.144.74.17")}, [16]) = 6<socket:[3888031]>
29842 10:23:28.229613 write(4<socket:[3887485]>, "\1", 1 <unfinished ...>
29846 10:23:28.229625 <... read resumed> "\1", 1) = 1
29842 10:23:28.229631 <... write resumed> ) = 1
29846 10:23:28.229636 recvmsg(5<socket:[3887486]>,  <unfinished ...>
29842 10:23:28.229642 sendmsg(4<socket:[3887485]>, {msg_name(0)=NULL, msg_iov(1)=[{"\0", 1}], msg_controllen=20, [{cmsg_len=20, cmsg_level=SOL_SOCKET, cmsg_type=SCM_RIGHTS, [6<socket:[3888031]>]}], msg_flags=0}, 0) = 1
29846 10:23:28.229663 <... recvmsg resumed> {msg_name(0)=NULL, msg_iov(1)=[{"\0", 1}], msg_controllen=24, [{cmsg_len=20, cmsg_level=SOL_SOCKET, cmsg_type=SCM_RIGHTS, [6<socket:[3888031]>]}], msg_flags=0}, 0) = 1
29842 10:23:28.229674 close(6<socket:[3888031]> <unfinished ...>
29846 10:23:28.229680 setsockopt(6<socket:[3888031]>, SOL_SOCKET, SO_KEEPALIVE, [1], 4 <unfinished ...>
