4528  09:46:42.331798 mmap(NULL, 12288, PROT_READ|PROT_WRITE, MAP_PRIVATE|MAP_ANONYMOUS, -1, 0) = 0x7f320d6b7000
4528  09:46:42.331814 mprotect(0x7f320d6b9000, 4096, PROT_NONE) = 0
4528  09:46:42.331830 mprotect(0x7f320d6b7000, 4096, PROT_NONE) = 0
4528  09:46:42.331852 recvfrom(0, "SYST\r\n", 4096, MSG_PEEK, NULL, NULL) = 6
4528  09:46:42.331868 read(0, "SYST\r\n", 6) = 6
4528  09:46:42.331886 write(0, "215 UNIX Type: L8\r\n", 19) = 19
4528  09:46:42.331905 rt_sigaction(SIGALRM, {0x561c8c091bb0, ~[RTMIN RT_1], SA_RESTORER, 0x7f320c43a4b0}, NULL, 8) = 0
4528  09:46:42.331930 alarm(300)        = 300
4528  09:46:42.331953 recvfrom(0, "PORT 127,0,0,1,175,254\r\n", 4096, MSG_PEEK, NULL, NULL) = 24
4528  09:46:44.856724 read(0, "PORT 127,0,0,1,175,254\r\n", 24) = 24
4528  09:46:44.856835 write(5, "\n", 1) = 1
4528  09:46:44.856859 read(5,  <unfinished ...>
4524  09:46:44.856865 <... read resumed> "\n", 1) = 1
4524  09:46:44.856878 write(4, "\1", 1 <unfinished ...>
4528  09:46:44.856890 <... read resumed> "\1", 1) = 1
4524  09:46:44.856896 <... write resumed> ) = 1
4528  09:46:44.856905 write(0, "200 PORT command successful. Con"..., 51 <unfinished ...>
4524  09:46:44.856912 read(4,  <unfinished ...>
4528  09:46:44.856927 <... write resumed> ) = 51
4528  09:46:44.856935 rt_sigaction(SIGALRM, {0x561c8c091bb0, ~[RTMIN RT_1], SA_RESTORER, 0x7f320c43a4b0}, NULL, 8) = 0
4528  09:46:44.856953 alarm(300)        = 297
4528  09:46:44.856968 recvfrom(0, "LIST\r\n", 4096, MSG_PEEK, NULL, NULL) = 6
4528  09:46:44.856984 read(0, "LIST\r\n", 6) = 6
4528  09:46:44.857000 write(5, "\v", 1) = 1
4524  09:46:44.857013 <... read resumed> "\v", 1) = 1
4528  09:46:44.857019 read(5,  <unfinished ...>
4524  09:46:44.857023 write(4, "\0\0\0\0", 4 <unfinished ...>
4528  09:46:44.857052 <... read resumed> "\0\0\0\0", 4) = 4
4524  09:46:44.857059 <... write resumed> ) = 4
4528  09:46:44.857063 write(5, "\v", 1 <unfinished ...>
4524  09:46:44.857069 read(4,  <unfinished ...>
4528  09:46:44.857073 <... write resumed> ) = 1
4524  09:46:44.857078 <... read resumed> "\v", 1) = 1
4528  09:46:44.857083 read(5,  <unfinished ...>
4524  09:46:44.857087 write(4, "\0\0\0\0", 4 <unfinished ...>
4528  09:46:44.857097 <... read resumed> "\0\0\0\0", 4) = 4
4524  09:46:44.857103 <... write resumed> ) = 4
4528  09:46:44.857107 open(".", O_RDONLY|O_NONBLOCK|O_DIRECTORY|O_CLOEXEC <unfinished ...>
4524  09:46:44.857115 read(4,  <unfinished ...>
4528  09:46:44.857123 <... open resumed> ) = 4
4528  09:46:44.857131 fstat(4, {st_mode=S_IFDIR|0755, st_size=4096, ...}) = 0
4528  09:46:44.857152 write(5, "\v", 1) = 1
4524  09:46:44.857165 <... read resumed> "\v", 1) = 1
4528  09:46:44.857171 read(5,  <unfinished ...>
4524  09:46:44.857175 write(4, "\0\0\0\0", 4 <unfinished ...>
4528  09:46:44.857185 <... read resumed> "\0\0\0\0", 4) = 4
4524  09:46:44.857190 <... write resumed> ) = 4
4528  09:46:44.857195 write(5, "\v", 1 <unfinished ...>
4524  09:46:44.857200 read(4,  <unfinished ...>
4528  09:46:44.857205 <... write resumed> ) = 1
4524  09:46:44.857209 <... read resumed> "\v", 1) = 1
4528  09:46:44.857214 read(5,  <unfinished ...>
4524  09:46:44.857219 write(4, "\0\0\0\0", 4 <unfinished ...>
4528  09:46:44.857228 <... read resumed> "\0\0\0\0", 4) = 4
4524  09:46:44.857233 <... write resumed> ) = 4
4528  09:46:44.857244 write(5, "\v", 1 <unfinished ...>
4524  09:46:44.857250 read(4,  <unfinished ...>
4528  09:46:44.857254 <... write resumed> ) = 1
4524  09:46:44.857259 <... read resumed> "\v", 1) = 1
4528  09:46:44.857264 read(5,  <unfinished ...>
4524  09:46:44.857269 write(4, "\0\0\0\0", 4 <unfinished ...>
4528  09:46:44.857278 <... read resumed> "\0\0\0\0", 4) = 4
4524  09:46:44.857284 <... write resumed> ) = 4
4528  09:46:44.857288 write(5, "\3", 1 <unfinished ...>
4524  09:46:44.857293 read(4,  <unfinished ...>
4528  09:46:44.857298 <... write resumed> ) = 1
4524  09:46:44.857302 <... read resumed> "\3", 1) = 1
4528  09:46:44.857308 write(5, "\376\257\0\0", 4 <unfinished ...>
4524  09:46:44.857313 read(4,  <unfinished ...>
4528  09:46:44.857317 <... write resumed> ) = 4
4524  09:46:44.857322 <... read resumed> "\376\257\0\0", 4) = 4
4528  09:46:44.857327 read(5,  <unfinished ...>
4524  09:46:44.857331 socket(PF_INET, SOCK_STREAM, IPPROTO_TCP) = 5
4524  09:46:44.857348 setsockopt(5, SOL_SOCKET, SO_REUSEADDR, [1], 4) = 0
4524  09:46:44.857367 bind(5, {sa_family=AF_INET, sin_port=htons(20), sin_addr=inet_addr("127.0.0.1")}, 16) = 0
4524  09:46:44.857385 fcntl(5, F_GETFL) = 0x2 (flags O_RDWR)
4524  09:46:44.857400 fcntl(5, F_SETFL, O_RDWR|O_NONBLOCK) = 0
4524  09:46:44.857414 connect(5, {sa_family=AF_INET, sin_port=htons(45054), sin_addr=inet_addr("127.0.0.1")}, 16) = -1 EINPROGRESS (Operation now in progress)
4524  09:46:44.857459 select(6, NULL, [5], NULL, {60, 0}) = 1 (out [5], left {59, 999998})
4524  09:46:44.857479 getsockopt(5, SOL_SOCKET, SO_ERROR, [0], [4]) = 0
4524  09:46:44.857495 fcntl(5, F_GETFL) = 0x802 (flags O_RDWR|O_NONBLOCK)
4524  09:46:44.857508 fcntl(5, F_SETFL, O_RDWR) = 0
4524  09:46:44.857521 write(4, "\1", 1) = 1
4528  09:46:44.857535 <... read resumed> "\1", 1) = 1
4524  09:46:44.857540 sendmsg(4, {msg_name(0)=NULL, msg_iov(1)=[{"\0", 1}], msg_controllen=20, [{cmsg_len=20, cmsg_level=SOL_SOCKET, cmsg_type=SCM_RIGHTS, [5]}], msg_flags=0}, 0 <unfinished ...>
4528  09:46:44.857550 recvmsg(5,  <unfinished ...>
4524  09:46:44.857554 <... sendmsg resumed> ) = 1
4528  09:46:44.857559 <... recvmsg resumed> {msg_name(0)=NULL, msg_iov(1)=[{"\0", 1}], msg_controllen=24, [{cmsg_len=20, cmsg_level=SOL_SOCKET, cmsg_type=SCM_RIGHTS, [6]}], msg_flags=0}, 0) = 1
4524  09:46:44.857566 close(5 <unfinished ...>
4528  09:46:44.857571 setsockopt(6, SOL_SOCKET, SO_KEEPALIVE, [1], 4 <unfinished ...>
4524  09:46:44.857576 <... close resumed> ) = 0
4528  09:46:44.857581 <... setsockopt resumed> ) = 0
4524  09:46:44.857585 read(4,  <unfinished ...>
4528  09:46:44.857590 setsockopt(6, SOL_IP, IP_TOS, [8], 4) = 0
4528  09:46:44.857605 rt_sigaction(SIGALRM, {0x561c8c091bb0, ~[RTMIN RT_1], SA_RESTORER, 0x7f320c43a4b0}, NULL, 8) = 0
4528  09:46:44.857620 alarm(300)        = 300
4528  09:46:44.857636 write(0, "150 Here comes the directory lis"..., 39) = 39
4528  09:46:44.857661 getdents(4, /* 79 entries */, 32768) = 2616
4528  09:46:44.857702 lstat("Templates", {st_mode=S_IFDIR|0755, st_size=4096, ...}) = 0
4528  09:46:44.857729 lstat("tmp", {st_mode=S_IFDIR|0775, st_size=4096, ...}) = 0
4528  09:46:44.857748 lstat("audit.log", {st_mode=S_IFREG|0664, st_size=11736, ...}) = 0
4528  09:46:44.857766 lstat("deja-dup", {st_mode=S_IFDIR|0775, st_size=73728, ...}) = 0
4528  09:46:44.857784 lstat("GNUstep", {st_mode=S_IFDIR|0775, st_size=4096, ...}) = 0
4528  09:46:44.857801 lstat("Desktop", {st_mode=S_IFDIR|0755, st_size=4096, ...}) = 0
4528  09:46:44.857819 lstat("yankring_history_v2.txt", {st_mode=S_IFREG|0664, st_size=112, ...}) = 0
4528  09:46:44.857837 lstat("Documents", {st_mode=S_IFDIR|0755, st_size=4096, ...}) = 0
4528  09:46:44.857855 lstat("out.txt", {st_mode=S_IFREG|0664, st_size=19802, ...}) = 0
4528  09:46:44.857873 lstat("Public", {st_mode=S_IFDIR|0755, st_size=4096, ...}) = 0
4528  09:46:44.857890 lstat("ftp_root", {st_mode=S_IFDIR|0777, st_size=4096, ...}) = 0
4528  09:46:44.857908 lstat("Downloads", {st_mode=S_IFDIR|0755, st_size=12288, ...}) = 0
4528  09:46:44.857925 lstat("mulval", {st_mode=S_IFDIR|0755, st_size=4096, ...}) = 0
4528  09:46:44.857945 lstat("XSB", {st_mode=S_IFDIR|0775, st_size=4096, ...}) = 0
4528  09:46:44.857964 lstat("Pictures", {st_mode=S_IFDIR|0755, st_size=4096, ...}) = 0
4528  09:46:44.857981 lstat("Music", {st_mode=S_IFDIR|0755, st_size=4096, ...}) = 0
4528  09:46:44.857999 lstat("firewalls", {st_mode=S_IFREG|0664, st_size=1066, ...}) = 0
4528  09:46:44.858016 lstat("Videos", {st_mode=S_IFDIR|0755, st_size=4096, ...}) = 0
4528  09:46:44.858034 lstat("vsftpd_logs", {st_mode=S_IFDIR|0775, st_size=4096, ...}) = 0
4528  09:46:44.858051 lstat("Dropbox (\346\202\250\347\232\204\345\233\242\351\230\237)", {st_mode=S_IFDIR|0700, st_size=4096, ...}) = 0
4528  09:46:44.858069 lstat("Dropbox", {st_mode=S_IFLNK|0777, st_size=37, ...}) = 0
4528  09:46:44.858086 mmap(NULL, 12288, PROT_READ|PROT_WRITE, MAP_PRIVATE|MAP_ANONYMOUS, -1, 0) = 0x7f320d6b4000
4528  09:46:44.858104 mprotect(0x7f320d6b6000, 4096, PROT_NONE) = 0
4528  09:46:44.858122 mprotect(0x7f320d6b4000, 4096, PROT_NONE) = 0
4528  09:46:44.858137 readlink("Dropbox", "/home/qingtian/Dropbox (\346\202\250\347\232\204\345\233"..., 4095) = 37
4528  09:46:44.858157 lstat("davmail.log", {st_mode=S_IFREG|0664, st_size=740569, ...}) = 0
4528  09:46:44.858175 lstat("tensorflow", {st_mode=S_IFDIR|0775, st_size=4096, ...}) = 0
4528  09:46:44.858193 lstat("davmail.log.2", {st_mode=S_IFREG|0664, st_size=1048757, ...}) = 0
4528  09:46:44.858210 lstat("audit_logs", {st_mode=S_IFDIR|0775, st_size=4096, ...}) = 0
4528  09:46:44.858228 lstat("VMimg", {st_mode=S_IFDIR|0775, st_size=4096, ...}) = 0
4528  09:46:44.858246 lstat("teamviewer", {st_mode=S_IFDIR|0755, st_size=4096, ...}) = 0
4528  09:46:44.858263 lstat("davmail.log.1", {st_mode=S_IFREG|0664, st_size=1048793, ...}) = 0
4528  09:46:44.858281 lstat("scripts", {st_mode=S_IFDIR|0775, st_size=4096, ...}) = 0
4528  09:46:44.858299 lstat("examples.desktop", {st_mode=S_IFREG|0644, st_size=8980, ...}) = 0
4528  09:46:44.858316 getdents(4, /* 0 entries */, 32768) = 0
4528  09:46:44.858338 write(6, "drwxr-xr-x    2 1000     1000   "..., 2058) = 2058
4528  09:46:44.858362 rt_sigaction(SIGALRM, {0x561c8c091bb0, ~[RTMIN RT_1], SA_RESTORER, 0x7f320c43a4b0}, NULL, 8) = 0
4528  09:46:44.858378 alarm(300)        = 300
4528  09:46:44.858392 setsockopt(6, SOL_SOCKET, SO_LINGER, {onoff=1, linger=600}, 8) = 0
4528  09:46:44.858407 close(6)          = 0
4528  09:46:44.858512 alarm(0)          = 300
4528  09:46:44.858527 write(0, "226 Directory send OK.\r\n", 24) = 24
4528  09:46:44.858547 close(4)          = 0
4528  09:46:44.858565 write(5, "\n", 1) = 1
4524  09:46:44.858578 <... read resumed> "\n", 1) = 1
4528  09:46:44.858584 read(5,  <unfinished ...>
4524  09:46:44.858588 write(4, "\1", 1 <unfinished ...>
4528  09:46:44.858599 <... read resumed> "\1", 1) = 1
4524  09:46:44.858604 <... write resumed> ) = 1
4528  09:46:44.858609 rt_sigaction(SIGALRM, {0x561c8c091bb0, ~[RTMIN RT_1], SA_RESTORER, 0x7f320c43a4b0},  <unfinished ...>
4524  09:46:44.858615 read(4,  <unfinished ...>
4528  09:46:44.858619 <... rt_sigaction resumed> NULL, 8) = 0
4528  09:46:44.858627 alarm(300)        = 0
4528  09:46:44.858640 recvfrom(0, "MKD new\r\n", 4096, MSG_PEEK, NULL, NULL) = 9
4528  09:47:02.032888 read(0, "MKD new\r\n", 9) = 9
4528  09:47:02.032990 getcwd("/home/qingtian", 4096) = 15
4528  09:47:02.033012 mkdir("new", 0777) = 0
4528  09:47:02.033095 getpid()          = 4528
4528  09:47:02.033111 fcntl(3, F_SETLKW, {l_type=F_WRLCK, l_whence=SEEK_SET, l_start=0, l_len=0}) = 0
4528  09:47:02.033196 write(3, "Mon Jan  8 09:47:02 2018 [pid 45"..., 98) = 98
4528  09:47:02.033242 fcntl(3, F_SETLK, {l_type=F_UNLCK, l_whence=SEEK_SET, l_start=0, l_len=0}) = 0
4528  09:47:02.033283 getcwd("/home/qingtian", 4096) = 15
4528  09:47:02.033310 write(0, "257 \"/home/qingtian/new\" created"..., 34) = 34
4528  09:47:02.033341 rt_sigaction(SIGALRM, {0x561c8c091bb0, ~[RTMIN RT_1], SA_RESTORER, 0x7f320c43a4b0}, NULL, 8) = 0
4528  09:47:02.033367 alarm(300)        = 283
4528  09:47:02.033383 recvfrom(0, "PORT 127,0,0,1,194,191\r\n", 4096, MSG_PEEK, NULL, NULL) = 24
4528  09:47:07.129137 read(0, "PORT 127,0,0,1,194,191\r\n", 24) = 24
4528  09:47:07.129338 write(5, "\n", 1) = 1
4524  09:47:07.129449 <... read resumed> "\n", 1) = 1
4528  09:47:07.129466 read(5,  <unfinished ...>
4524  09:47:07.129475 write(4, "\1", 1 <unfinished ...>
4528  09:47:07.129551 <... read resumed> "\1", 1) = 1
4524  09:47:07.129582 <... write resumed> ) = 1
4528  09:47:07.129603 write(0, "200 PORT command successful. Con"..., 51 <unfinished ...>
4524  09:47:07.129612 read(4,  <unfinished ...>
4528  09:47:07.129653 <... write resumed> ) = 51
4528  09:47:07.129675 rt_sigaction(SIGALRM, {0x561c8c091bb0, ~[RTMIN RT_1], SA_RESTORER, 0x7f320c43a4b0}, NULL, 8) = 0
4528  09:47:07.129699 alarm(300)        = 295
4528  09:47:07.129715 recvfrom(0, "LIST\r\n", 4096, MSG_PEEK, NULL, NULL) = 6
4528  09:47:07.129731 read(0, "LIST\r\n", 6) = 6
4528  09:47:07.129748 write(5, "\v", 1) = 1
4524  09:47:07.129761 <... read resumed> "\v", 1) = 1
4528  09:47:07.129768 read(5,  <unfinished ...>
4524  09:47:07.129787 write(4, "\0\0\0\0", 4 <unfinished ...>
4528  09:47:07.129805 <... read resumed> "\0\0\0\0", 4) = 4
4524  09:47:07.129811 <... write resumed> ) = 4
4528  09:47:07.129815 write(5, "\v", 1) = 1
4528  09:47:07.129829 read(5,  <unfinished ...>
4524  09:47:07.129835 read(4, "\v", 1)  = 1
4524  09:47:07.129867 write(4, "\0\0\0\0", 4 <unfinished ...>
4528  09:47:07.129883 <... read resumed> "\0\0\0\0", 4) = 4
4524  09:47:07.129888 <... write resumed> ) = 4
4528  09:47:07.129893 open(".", O_RDONLY|O_NONBLOCK|O_DIRECTORY|O_CLOEXEC) = 4
4528  09:47:07.129913 fstat(4,  <unfinished ...>
4524  09:47:07.129918 read(4,  <unfinished ...>
4528  09:47:07.129923 <... fstat resumed> {st_mode=S_IFDIR|0755, st_size=4096, ...}) = 0
4528  09:47:07.129934 write(5, "\v", 1) = 1
4524  09:47:07.129947 <... read resumed> "\v", 1) = 1
4528  09:47:07.129952 read(5,  <unfinished ...>
4524  09:47:07.129957 write(4, "\0\0\0\0", 4 <unfinished ...>
4528  09:47:07.129968 <... read resumed> "\0\0\0\0", 4) = 4
4524  09:47:07.129973 <... write resumed> ) = 4
4528  09:47:07.129978 write(5, "\v", 1 <unfinished ...>
4524  09:47:07.129983 read(4,  <unfinished ...>
4528  09:47:07.129988 <... write resumed> ) = 1
4524  09:47:07.129992 <... read resumed> "\v", 1) = 1
4528  09:47:07.129997 read(5,  <unfinished ...>
4524  09:47:07.130002 write(4, "\0\0\0\0", 4 <unfinished ...>
4528  09:47:07.130011 <... read resumed> "\0\0\0\0", 4) = 4
4524  09:47:07.130017 <... write resumed> ) = 4
4528  09:47:07.130021 write(5, "\v", 1 <unfinished ...>
4524  09:47:07.130026 read(4,  <unfinished ...>
4528  09:47:07.130031 <... write resumed> ) = 1
4524  09:47:07.130036 <... read resumed> "\v", 1) = 1
4528  09:47:07.130041 read(5,  <unfinished ...>
4524  09:47:07.130045 write(4, "\0\0\0\0", 4 <unfinished ...>
4528  09:47:07.130054 <... read resumed> "\0\0\0\0", 4) = 4
4524  09:47:07.130060 <... write resumed> ) = 4
4528  09:47:07.130065 write(5, "\3", 1 <unfinished ...>
4524  09:47:07.130070 read(4,  <unfinished ...>
4528  09:47:07.130074 <... write resumed> ) = 1
4524  09:47:07.130079 <... read resumed> "\3", 1) = 1
4528  09:47:07.130084 write(5, "\277\302\0\0", 4 <unfinished ...>
4524  09:47:07.130089 read(4,  <unfinished ...>
4528  09:47:07.130094 <... write resumed> ) = 4
4524  09:47:07.130098 <... read resumed> "\277\302\0\0", 4) = 4
4528  09:47:07.130104 read(5,  <unfinished ...>
4524  09:47:07.130108 socket(PF_INET, SOCK_STREAM, IPPROTO_TCP) = 5
4524  09:47:07.130125 setsockopt(5, SOL_SOCKET, SO_REUSEADDR, [1], 4) = 0
4524  09:47:07.130142 bind(5, {sa_family=AF_INET, sin_port=htons(20), sin_addr=inet_addr("127.0.0.1")}, 16) = 0
4524  09:47:07.130161 fcntl(5, F_GETFL) = 0x2 (flags O_RDWR)
4524  09:47:07.130176 fcntl(5, F_SETFL, O_RDWR|O_NONBLOCK) = 0
4524  09:47:07.130190 connect(5, {sa_family=AF_INET, sin_port=htons(49855), sin_addr=inet_addr("127.0.0.1")}, 16) = -1 EINPROGRESS (Operation now in progress)
4524  09:47:07.130236 select(6, NULL, [5], NULL, {60, 0}) = 1 (out [5], left {59, 999998})
4524  09:47:07.130256 getsockopt(5, SOL_SOCKET, SO_ERROR, [0], [4]) = 0
4524  09:47:07.130272 fcntl(5, F_GETFL) = 0x802 (flags O_RDWR|O_NONBLOCK)
4524  09:47:07.130290 fcntl(5, F_SETFL, O_RDWR) = 0
4524  09:47:07.130304 write(4, "\1", 1 <unfinished ...>
4528  09:47:07.130314 <... read resumed> "\1", 1) = 1
4524  09:47:07.130320 <... write resumed> ) = 1
4528  09:47:07.130325 recvmsg(5,  <unfinished ...>
4524  09:47:07.130329 sendmsg(4, {msg_name(0)=NULL, msg_iov(1)=[{"\0", 1}], msg_controllen=20, [{cmsg_len=20, cmsg_level=SOL_SOCKET, cmsg_type=SCM_RIGHTS, [5]}], msg_flags=0}, 0 <unfinished ...>
4528  09:47:07.130344 <... recvmsg resumed> {msg_name(0)=NULL, msg_iov(1)=[{"\0", 1}], msg_controllen=24, [{cmsg_len=20, cmsg_level=SOL_SOCKET, cmsg_type=SCM_RIGHTS, [6]}], msg_flags=0}, 0) = 1
4524  09:47:07.130352 <... sendmsg resumed> ) = 1
4528  09:47:07.130357 setsockopt(6, SOL_SOCKET, SO_KEEPALIVE, [1], 4 <unfinished ...>
4524  09:47:07.130363 close(5 <unfinished ...>
4528  09:47:07.130367 <... setsockopt resumed> ) = 0
4524  09:47:07.130372 <... close resumed> ) = 0
4528  09:47:07.130376 setsockopt(6, SOL_IP, IP_TOS, [8], 4 <unfinished ...>
4524  09:47:07.130382 read(4,  <unfinished ...>
4528  09:47:07.130386 <... setsockopt resumed> ) = 0
4528  09:47:07.130394 rt_sigaction(SIGALRM, {0x561c8c091bb0, ~[RTMIN RT_1], SA_RESTORER, 0x7f320c43a4b0}, NULL, 8) = 0
4528  09:47:07.130409 alarm(300)        = 300
4528  09:47:07.130425 write(0, "150 Here comes the directory lis"..., 39) = 39
4528  09:47:07.130448 getdents(4, /* 80 entries */, 32768) = 2640
4528  09:47:07.130492 lstat("Templates", {st_mode=S_IFDIR|0755, st_size=4096, ...}) = 0
4528  09:47:07.130518 lstat("tmp", {st_mode=S_IFDIR|0775, st_size=4096, ...}) = 0
4528  09:47:07.130537 lstat("audit.log", {st_mode=S_IFREG|0664, st_size=11736, ...}) = 0
4528  09:47:07.130555 lstat("deja-dup", {st_mode=S_IFDIR|0775, st_size=73728, ...}) = 0
4528  09:47:07.130572 lstat("GNUstep", {st_mode=S_IFDIR|0775, st_size=4096, ...}) = 0
4528  09:47:07.130591 lstat("Desktop", {st_mode=S_IFDIR|0755, st_size=4096, ...}) = 0
4528  09:47:07.130609 lstat("yankring_history_v2.txt", {st_mode=S_IFREG|0664, st_size=112, ...}) = 0
4528  09:47:07.130627 lstat("Documents", {st_mode=S_IFDIR|0755, st_size=4096, ...}) = 0
4528  09:47:07.130645 lstat("out.txt", {st_mode=S_IFREG|0664, st_size=19802, ...}) = 0
4528  09:47:07.130662 lstat("Public", {st_mode=S_IFDIR|0755, st_size=4096, ...}) = 0
4528  09:47:07.130680 lstat("ftp_root", {st_mode=S_IFDIR|0777, st_size=4096, ...}) = 0
4528  09:47:07.130698 lstat("Downloads", {st_mode=S_IFDIR|0755, st_size=12288, ...}) = 0
4528  09:47:07.130715 lstat("mulval", {st_mode=S_IFDIR|0755, st_size=4096, ...}) = 0
4528  09:47:07.130733 lstat("XSB", {st_mode=S_IFDIR|0775, st_size=4096, ...}) = 0
4528  09:47:07.130751 lstat("Pictures", {st_mode=S_IFDIR|0755, st_size=4096, ...}) = 0
4528  09:47:07.130769 lstat("Music", {st_mode=S_IFDIR|0755, st_size=4096, ...}) = 0
4528  09:47:07.130787 lstat("firewalls", {st_mode=S_IFREG|0664, st_size=1066, ...}) = 0
4528  09:47:07.130804 lstat("Videos", {st_mode=S_IFDIR|0755, st_size=4096, ...}) = 0
4528  09:47:07.130822 lstat("vsftpd_logs", {st_mode=S_IFDIR|0775, st_size=4096, ...}) = 0
4528  09:47:07.130840 lstat("Dropbox (\346\202\250\347\232\204\345\233\242\351\230\237)", {st_mode=S_IFDIR|0700, st_size=4096, ...}) = 0
4528  09:47:07.130858 lstat("Dropbox", {st_mode=S_IFLNK|0777, st_size=37, ...}) = 0
4528  09:47:07.130874 readlink("Dropbox", "/home/qingtian/Dropbox (\346\202\250\347\232\204\345\233"..., 4095) = 37
4528  09:47:07.130893 lstat("davmail.log", {st_mode=S_IFREG|0664, st_size=740569, ...}) = 0
4528  09:47:07.130911 lstat("tensorflow", {st_mode=S_IFDIR|0775, st_size=4096, ...}) = 0
4528  09:47:07.130929 lstat("davmail.log.2", {st_mode=S_IFREG|0664, st_size=1048757, ...}) = 0
4528  09:47:07.130946 lstat("audit_logs", {st_mode=S_IFDIR|0775, st_size=4096, ...}) = 0
4528  09:47:07.130964 lstat("VMimg", {st_mode=S_IFDIR|0775, st_size=4096, ...}) = 0
4528  09:47:07.130982 lstat("teamviewer", {st_mode=S_IFDIR|0755, st_size=4096, ...}) = 0
4528  09:47:07.131000 lstat("davmail.log.1", {st_mode=S_IFREG|0664, st_size=1048793, ...}) = 0
4528  09:47:07.131020 lstat("scripts", {st_mode=S_IFDIR|0775, st_size=4096, ...}) = 0
4528  09:47:07.131038 lstat("examples.desktop", {st_mode=S_IFREG|0644, st_size=8980, ...}) = 0
4528  09:47:07.131065 lstat("new", {st_mode=S_IFDIR|0700, st_size=4096, ...}) = 0
4528  09:47:07.131082 getdents(4, /* 0 entries */, 32768) = 0
4528  09:47:07.131102 write(6, "drwxr-xr-x    2 1000     1000   "..., 2119) = 2119
4528  09:47:07.131125 rt_sigaction(SIGALRM, {0x561c8c091bb0, ~[RTMIN RT_1], SA_RESTORER, 0x7f320c43a4b0}, NULL, 8) = 0
4528  09:47:07.131140 alarm(300)        = 300
4528  09:47:07.131155 setsockopt(6, SOL_SOCKET, SO_LINGER, {onoff=1, linger=600}, 8) = 0
4528  09:47:07.131174 close(6)          = 0
4528  09:47:07.131266 alarm(0)          = 300
4528  09:47:07.131281 write(0, "226 Directory send OK.\r\n", 24) = 24
4528  09:47:07.131300 close(4)          = 0
4528  09:47:07.131318 write(5, "\n", 1) = 1
4524  09:47:07.131330 <... read resumed> "\n", 1) = 1
4528  09:47:07.131336 read(5,  <unfinished ...>
4524  09:47:07.131340 write(4, "\1", 1 <unfinished ...>
4528  09:47:07.131350 <... read resumed> "\1", 1) = 1
4524  09:47:07.131355 <... write resumed> ) = 1
4528  09:47:07.131359 rt_sigaction(SIGALRM, {0x561c8c091bb0, ~[RTMIN RT_1], SA_RESTORER, 0x7f320c43a4b0},  <unfinished ...>
4524  09:47:07.131366 read(4,  <unfinished ...>
4528  09:47:07.131370 <... rt_sigaction resumed> NULL, 8) = 0
4528  09:47:07.131377 alarm(300)        = 0
4528  09:47:07.131390 recvfrom(0, "RMD new\r\n", 4096, MSG_PEEK, NULL, NULL) = 9
4528  09:47:10.289151 read(0, "RMD new\r\n", 9) = 9
4528  09:47:10.289338 getcwd("/home/qingtian", 4096) = 15
4528  09:47:10.289398 rmdir("new")      = 0
4528  09:47:10.289527 fcntl(3, F_SETLKW, {l_type=F_WRLCK, l_whence=SEEK_SET, l_start=0, l_len=0}) = 0
4528  09:47:10.289578 write(3, "Mon Jan  8 09:47:10 2018 [pid 45"..., 98) = 98
4528  09:47:10.289628 fcntl(3, F_SETLK, {l_type=F_UNLCK, l_whence=SEEK_SET, l_start=0, l_len=0}) = 0
4528  09:47:10.289662 write(0, "250 Remove directory operation s"..., 44) = 44
4528  09:47:10.289694 rt_sigaction(SIGALRM, {0x561c8c091bb0, ~[RTMIN RT_1], SA_RESTORER, 0x7f320c43a4b0}, NULL, 8) = 0
4528  09:47:10.289720 alarm(300)        = 297
4528  09:47:10.289737 recvfrom(0, "QUIT\r\n", 4096, MSG_PEEK, NULL, NULL) = 6
4528  09:47:13.249276 read(0, "QUIT\r\n", 6) = 6
4528  09:47:13.249464 fcntl(0, F_GETFL) = 0x2 (flags O_RDWR)
4528  09:47:13.249597 fcntl(0, F_SETFL, O_RDWR|O_NONBLOCK) = 0
4528  09:47:13.249615 shutdown(0, SHUT_RD) = 0
4528  09:47:13.249644 write(0, "221 Goodbye.\r\n", 14) = 14
4528  09:47:13.249678 shutdown(0, SHUT_RDWR) = 0
4528  09:47:13.249707 exit_group(0)     = ?
4528  09:47:13.249837 +++ exited with 0 +++
4524  09:47:13.249853 <... read resumed> 0x7ffeaee7ad87, 1) = ? ERESTARTSYS (To be restarted if SA_RESTART is set)
4524  09:47:13.249866 --- SIGCHLD {si_signo=SIGCHLD, si_code=CLD_EXITED, si_pid=4528, si_uid=1000, si_status=0, si_utime=0, si_stime=0} ---
4524  09:47:13.249903 alarm(1)          = 0
4524  09:47:13.249951 rt_sigreturn({mask=[]}) = -1 EINTR (Interrupted system call)
4524  09:47:13.249996 alarm(0)          = 1
4524  09:47:13.250012 wait4(-1, [{WIFEXITED(s) && WEXITSTATUS(s) == 0}], 0, NULL) = 4528
4524  09:47:13.250034 exit_group(0)     = ?
4524  09:47:13.265073 +++ exited with 0 +++
4493  09:47:13.265091 <... accept resumed> 0x7ffeaee7ada0, 0x7ffeaee7ad8c) = ? ERESTARTSYS (To be restarted if SA_RESTART is set)
4493  09:47:13.265120 --- SIGCHLD {si_signo=SIGCHLD, si_code=CLD_EXITED, si_pid=4524, si_uid=65534, si_status=0, si_utime=1, si_stime=0} ---
4493  09:47:13.265134 alarm(1)          = 0
4493  09:47:13.265149 rt_sigreturn({mask=[]}) = -1 EINTR (Interrupted system call)
4493  09:47:13.265171 alarm(0)          = 1
4493  09:47:13.265186 wait4(-1, NULL, WNOHANG, NULL) = 4524
4493  09:47:13.265210 wait4(-1, NULL, WNOHANG, NULL) = -1 ECHILD (No child processes)
4493  09:47:13.265226 accept(3, 