29842 10:23:28.229688 <... close resumed> ) = 0
29846 10:23:28.229693 <... setsockopt resumed> ) = 0
29842 10:23:28.229698 read(4<socket:[3887485]>,  <unfinished ...>
29846 10:23:28.229704 setsockopt(6<socket:[3888031]>, SOL_IP, IP_TOS, [8], 4) = 0
29846 10:23:28.229722 rt_sigaction(SIGALRM, {0x557d78355bb0, ~[RTMIN RT_1], SA_RESTORER, 0x7f9e4c69e4b0}, NULL, 8) = 0
29846 10:23:28.229739 alarm(300)        = 296
29846 10:23:28.229757 write(0<socket:[3883314]>, "150 Opening BINARY mode data con"..., 66) = 66
29846 10:23:28.229784 lseek(4</home/sammy/ftp/files/test.txt>, 0, SEEK_CUR) = 0
29846 10:23:28.229801 fstat(4</home/sammy/ftp/files/test.txt>, {st_dev=makedev(8, 4), st_ino=25822258, st_mode=S_IFREG|0644, st_nlink=1, st_uid=0, st_gid=0, st_blksize=4096, st_blocks=8, st_size=17, st_atime=2018/01/09-11:25:52.100993348, st_mtime=2018/01/09-11:18:47.686261433, st_ctime=2018/01/09-11:18:47.686261433}) = 0
29846 10:23:28.229825 lseek(4</home/sammy/ftp/files/test.txt>, 0, SEEK_SET) = 0
29846 10:23:28.229841 sendfile(6<socket:[3888031]>, 4</home/sammy/ftp/files/test.txt>, NULL, 17) = 17
29846 10:23:28.229868 rt_sigaction(SIGALRM, {0x557d78355bb0, ~[RTMIN RT_1], SA_RESTORER, 0x7f9e4c69e4b0}, NULL, 8) = 0
29846 10:23:28.229884 alarm(300)        = 300
29846 10:23:28.229899 setsockopt(6<socket:[3888031]>, SOL_SOCKET, SO_LINGER, {onoff=1, linger=600}, 8) = 0
29846 10:23:28.229916 close(6<socket:[3888031]>) = 0
29846 10:23:29.732401 alarm(0)          = 298
29846 10:23:29.732436 getpid()          = 29846
29846 10:23:29.732481 fcntl(3</var/log/vsftpd.log>, F_SETLKW, {l_type=F_WRLCK, l_whence=SEEK_SET, l_start=0, l_len=0}) = 0
29846 10:23:29.732530 write(3</var/log/vsftpd.log>, "Wed Jan 10 10:23:29 2018 [pid 29"..., 124) = 124
29846 10:23:29.732562 fcntl(3</var/log/vsftpd.log>, F_SETLK, {l_type=F_UNLCK, l_whence=SEEK_SET, l_start=0, l_len=0}) = 0
29846 10:23:29.732584 write(0<socket:[3883314]>, "226 Transfer complete.\r\n", 24) = 24
29846 10:23:29.732635 write(5<socket:[3887486]>, "\n", 1) = 1
29842 10:23:29.732666 <... read resumed> "\n", 1) = 1
29846 10:23:29.732675 read(5<socket:[3887486]>,  <unfinished ...>
29842 10:23:29.732699 close(5<socket:[3888030]>) = 0
29842 10:23:29.732725 write(4<socket:[3887485]>, "\1", 1 <unfinished ...>
29846 10:23:29.732738 <... read resumed> "\1", 1) = 1
29842 10:23:29.732745 <... write resumed> ) = 1
29846 10:23:29.732749 close(4</home/sammy/ftp/files/test.txt> <unfinished ...>
29842 10:23:29.732756 read(4<socket:[3887485]>,  <unfinished ...>
29846 10:23:29.732763 <... close resumed> ) = 0
29846 10:23:29.732775 rt_sigaction(SIGALRM, {0x557d78355bb0, ~[RTMIN RT_1], SA_RESTORER, 0x7f9e4c69e4b0}, NULL, 8) = 0
29846 10:23:29.732805 alarm(300)        = 0
29846 10:23:29.732821 recvfrom(0<socket:[3883314]>, "PASV\r\n", 4096, MSG_PEEK, NULL, NULL) = 6
29846 10:23:44.358395 read(0<socket:[3883314]>, "PASV\r\n", 6) = 6
29846 10:23:44.358456 write(5<socket:[3887486]>, "\n", 1) = 1
29842 10:23:44.358496 <... read resumed> "\n", 1) = 1
29846 10:23:44.358503 read(5<socket:[3887486]>,  <unfinished ...>
29842 10:23:44.358530 write(4<socket:[3887485]>, "\1", 1) = 1
29846 10:23:44.358569 <... read resumed> "\1", 1) = 1
29842 10:23:44.358575 read(4<socket:[3887485]>,  <unfinished ...>
29846 10:23:44.358581 write(5<socket:[3887486]>, "\f", 1) = 1
29846 10:23:44.358599 read(5<socket:[3887486]>,  <unfinished ...>
29842 10:23:44.358606 <... read resumed> "\f", 1) = 1
29842 10:23:44.358620 socket(PF_INET, SOCK_STREAM, IPPROTO_TCP) = 5<socket:[3894991]>
29842 10:23:44.358646 setsockopt(5<socket:[3894991]>, SOL_SOCKET, SO_REUSEADDR, [1], 4) = 0
29842 10:23:44.358665 bind(5<socket:[3894991]>, {sa_family=AF_INET, sin_port=htons(47788), sin_addr=inet_addr("10.144.25.70")}, 16) = 0
29842 10:23:44.358687 listen(5<socket:[3894991]>, 1) = 0
29842 10:23:44.358704 write(4<socket:[3887485]>, "\254\272\0\0", 4 <unfinished ...>
29846 10:23:44.358716 <... read resumed> "\254\272\0\0", 4) = 4
29842 10:23:44.358722 <... write resumed> ) = 4
29846 10:23:44.358730 write(0<socket:[3883314]>, "227 Entering Passive Mode (10,14"..., 51 <unfinished ...>
29842 10:23:44.358738 read(4<socket:[3887485]>,  <unfinished ...>
29846 10:23:44.358751 <... write resumed> ) = 51
29846 10:23:44.358760 rt_sigaction(SIGALRM, {0x557d78355bb0, ~[RTMIN RT_1], SA_RESTORER, 0x7f9e4c69e4b0}, NULL, 8) = 0
29846 10:23:44.358777 alarm(300)        = 285
29846 10:23:44.358793 recvfrom(0<socket:[3883314]>, "STOR upload.txt\r\n", 4096, MSG_PEEK, NULL, NULL) = 17
29846 10:23:46.541704 read(0<socket:[3883314]>, "STOR upload.txt\r\n", 17) = 17
29846 10:23:46.541765 write(5<socket:[3887486]>, "\v", 1) = 1
29846 10:23:46.541808 read(5<socket:[3887486]>,  <unfinished ...>
29842 10:23:46.541821 <... read resumed> "\v", 1) = 1
29842 10:23:46.541837 write(4<socket:[3887485]>, "\1\0\0\0", 4 <unfinished ...>
29846 10:23:46.541872 <... read resumed> "\1\0\0\0", 4) = 4
29842 10:23:46.541878 <... write resumed> ) = 4
29846 10:23:46.541883 getcwd("/files", 4096) = 7
29846 10:23:46.541901 open("upload.txt", O_WRONLY|O_CREAT|O_NONBLOCK, 0666 <unfinished ...>
29842 10:23:46.541910 read(4<socket:[3887485]>,  <unfinished ...>
29846 10:23:46.541929 <... open resumed> ) = 4</home/sammy/ftp/files/upload.txt>
29846 10:23:46.541941 fstat(4</home/sammy/ftp/files/upload.txt>, {st_dev=makedev(8, 4), st_ino=25826586, st_mode=S_IFREG|0600, st_nlink=1, st_uid=1001, st_gid=1001, st_blksize=4096, st_blocks=0, st_size=0, st_atime=2018/01/10-10:23:46.540881323, st_mtime=2018/01/10-10:23:46.540881323, st_ctime=2018/01/10-10:23:46.540881323}) = 0
29846 10:23:46.541967 fcntl(4</home/sammy/ftp/files/upload.txt>, F_GETFL) = 0x8801 (flags O_WRONLY|O_NONBLOCK|O_LARGEFILE)
29846 10:23:46.541984 fcntl(4</home/sammy/ftp/files/upload.txt>, F_SETFL, O_WRONLY|O_LARGEFILE) = 0
29846 10:23:46.542000 fcntl(4</home/sammy/ftp/files/upload.txt>, F_SETLKW, {l_type=F_WRLCK, l_whence=SEEK_SET, l_start=0, l_len=0}) = 0
29846 10:23:46.542020 ftruncate(4</home/sammy/ftp/files/upload.txt>, 0) = 0
29846 10:23:46.542042 lseek(4</home/sammy/ftp/files/upload.txt>, 0, SEEK_SET) = 0
29846 10:23:46.542058 write(5<socket:[3887486]>, "\v", 1) = 1
29842 10:23:46.542074 <... read resumed> "\v", 1) = 1
29846 10:23:46.542080 read(5<socket:[3887486]>,  <unfinished ...>
29842 10:23:46.542104 write(4<socket:[3887485]>, "\1\0\0\0", 4 <unfinished ...>
29846 10:23:46.542122 <... read resumed> "\1\0\0\0", 4) = 4
29842 10:23:46.542128 <... write resumed> ) = 4
29846 10:23:46.542132 write(5<socket:[3887486]>, "\v", 1 <unfinished ...>
29842 10:23:46.542139 read(4<socket:[3887485]>,  <unfinished ...>
29846 10:23:46.542146 <... write resumed> ) = 1
29842 10:23:46.542153 <... read resumed> "\v", 1) = 1
29846 10:23:46.542159 read(5<socket:[3887486]>,  <unfinished ...>
29842 10:23:46.542166 write(4<socket:[3887485]>, "\1\0\0\0", 4 <unfinished ...>
29846 10:23:46.542177 <... read resumed> "\1\0\0\0", 4) = 4
29842 10:23:46.542183 <... write resumed> ) = 4
29846 10:23:46.542188 write(5<socket:[3887486]>, "\r", 1 <unfinished ...>
29842 10:23:46.542195 read(4<socket:[3887485]>,  <unfinished ...>
29846 10:23:46.542201 <... write resumed> ) = 1
29842 10:23:46.542206 <... read resumed> "\r", 1) = 1
29846 10:23:46.542211 read(5<socket:[3887486]>,  <unfinished ...>
29842 10:23:46.542217 select(6, [5<socket:[3894991]>], NULL, NULL, {60, 0}) = 1 (in [5], left {59, 999998})
29842 10:23:46.542240 accept(5<socket:[3894991]>, {sa_family=AF_INET, sin_port=htons(55542), sin_addr=inet_addr("10.144.74.17")}, [16]) = 6<socket:[3894992]>
29842 10:23:46.542266 write(4<socket:[3887485]>, "\1", 1 <unfinished ...>
29846 10:23:46.542278 <... read resumed> "\1", 1) = 1
29842 10:23:46.542284 <... write resumed> ) = 1
29846 10:23:46.542289 recvmsg(5<socket:[3887486]>,  <unfinished ...>
29842 10:23:46.542295 sendmsg(4<socket:[3887485]>, {msg_name(0)=NULL, msg_iov(1)=[{"\0", 1}], msg_controllen=20, [{cmsg_len=20, cmsg_level=SOL_SOCKET, cmsg_type=SCM_RIGHTS, [6<socket:[3894992]>]}], msg_flags=0}, 0) = 1
29846 10:23:46.542316 <... recvmsg resumed> {msg_name(0)=NULL, msg_iov(1)=[{"\0", 1}], msg_controllen=24, [{cmsg_len=20, cmsg_level=SOL_SOCKET, cmsg_type=SCM_RIGHTS, [6<socket:[3894992]>]}], msg_flags=0}, 0) = 1
29842 10:23:46.542327 close(6<socket:[3894992]> <unfinished ...>
29846 10:23:46.542334 setsockopt(6<socket:[3894992]>, SOL_SOCKET, SO_KEEPALIVE, [1], 4 <unfinished ...>
29842 10:23:46.542342 <... close resumed> ) = 0
29846 10:23:46.542347 <... setsockopt resumed> ) = 0
29842 10:23:46.542351 read(4<socket:[3887485]>,  <unfinished ...>
29846 10:23:46.542357 setsockopt(6<socket:[3894992]>, SOL_IP, IP_TOS, [8], 4) = 0
29846 10:23:46.542375 rt_sigaction(SIGALRM, {0x557d78355bb0, ~[RTMIN RT_1], SA_RESTORER, 0x7f9e4c69e4b0}, NULL, 8) = 0
29846 10:23:46.542393 alarm(300)        = 298
29846 10:23:46.542410 write(0<socket:[3883314]>, "150 Ok to send data.\r\n", 22) = 22
29846 10:23:46.542438 mmap(NULL, 77824, PROT_READ|PROT_WRITE, MAP_PRIVATE|MAP_ANONYMOUS, -1, 0) = 0x7f9e4d908000
29846 10:23:46.542456 mprotect(0x7f9e4d91a000, 4096, PROT_NONE) = 0
29846 10:23:46.542475 mprotect(0x7f9e4d908000, 4096, PROT_NONE) = 0
29846 10:23:46.542490 read(6<socket:[3894992]>, "vsftpd test file\n", 65536) = 17
29846 10:23:49.447523 write(4</home/sammy/ftp/files/upload.txt>, "vsftpd test file\n", 17) = 17
29846 10:23:49.447592 read(6<socket:[3894992]>, "", 65536) = 0
29846 10:23:49.447641 rt_sigaction(SIGALRM, {0x557d78355bb0, ~[RTMIN RT_1], SA_RESTORER, 0x7f9e4c69e4b0}, NULL, 8) = 0
29846 10:23:49.447680 alarm(300)        = 297
29846 10:23:49.447696 setsockopt(6<socket:[3894992]>, SOL_SOCKET, SO_LINGER, {onoff=1, linger=600}, 8) = 0
29846 10:23:49.447717 close(6<socket:[3894992]>) = 0
29846 10:23:50.400259 alarm(0)          = 299
29846 10:23:50.400308 fcntl(3</var/log/vsftpd.log>, F_SETLKW, {l_type=F_WRLCK, l_whence=SEEK_SET, l_start=0, l_len=0}) = 0
29846 10:23:50.400356 write(3</var/log/vsftpd.log>, "Wed Jan 10 10:23:50 2018 [pid 29"..., 124) = 124
29846 10:23:50.400397 fcntl(3</var/log/vsftpd.log>, F_SETLK, {l_type=F_UNLCK, l_whence=SEEK_SET, l_start=0, l_len=0}) = 0
29846 10:23:50.400419 write(0<socket:[3883314]>, "226 Transfer complete.\r\n", 24) = 24
29846 10:23:50.400452 write(5<socket:[3887486]>, "\n", 1) = 1
29846 10:23:50.400473 read(5<socket:[3887486]>,  <unfinished ...>
29842 10:23:50.400486 <... read resumed> "\n", 1) = 1
29842 10:23:50.400502 close(5<socket:[3894991]>) = 0
29842 10:23:50.400551 write(4<socket:[3887485]>, "\1", 1 <unfinished ...>
29846 10:23:50.400579 <... read resumed> "\1", 1) = 1
29842 10:23:50.400585 <... write resumed> ) = 1
29846 10:23:50.400589 close(4</home/sammy/ftp/files/upload.txt> <unfinished ...>
29842 10:23:50.400604 read(4<socket:[3887485]>,  <unfinished ...>
29846 10:23:50.400611 <... close resumed> ) = 0
29846 10:23:50.400623 rt_sigaction(SIGALRM, {0x557d78355bb0, ~[RTMIN RT_1], SA_RESTORER, 0x7f9e4c69e4b0}, NULL, 8) = 0
29846 10:23:50.400641 alarm(300)        = 0
29846 10:23:50.400656 recvfrom(0<socket:[3883314]>, "TYPE A\r\n", 4096, MSG_PEEK, NULL, NULL) = 8
29846 10:23:54.520468 read(0<socket:[3883314]>, "TYPE A\r\n", 8) = 8
29846 10:23:54.520511 write(0<socket:[3883314]>, "200 Switching to ASCII mode.\r\n", 30) = 30
29846 10:23:54.520543 rt_sigaction(SIGALRM, {0x557d78355bb0, ~[RTMIN RT_1], SA_RESTORER, 0x7f9e4c69e4b0}, NULL, 8) = 0
29846 10:23:54.520562 alarm(300)        = 296
29846 10:23:54.520578 recvfrom(0<socket:[3883314]>, "PASV\r\n", 4096, MSG_PEEK, NULL, NULL) = 6
29846 10:23:56.449081 read(0<socket:[3883314]>, "PASV\r\n", 6) = 6
29846 10:23:56.449143 write(5<socket:[3887486]>, "\n", 1) = 1
29846 10:23:56.449193 read(5<socket:[3887486]>,  <unfinished ...>
29842 10:23:56.449201 <... read resumed> "\n", 1) = 1
29842 10:23:56.449237 write(4<socket:[3887485]>, "\1", 1 <unfinished ...>
29846 10:23:56.449272 <... read resumed> "\1", 1) = 1
29842 10:23:56.449278 <... write resumed> ) = 1
29846 10:23:56.449283 write(5<socket:[3887486]>, "\f", 1) = 1
29846 10:23:56.449302 read(5<socket:[3887486]>,  <unfinished ...>
29842 10:23:56.449309 read(4<socket:[3887485]>, "\f", 1) = 1
29842 10:23:56.449357 socket(PF_INET, SOCK_STREAM, IPPROTO_TCP) = 5<socket:[3897465]>
29842 10:23:56.449384 setsockopt(5<socket:[3897465]>, SOL_SOCKET, SO_REUSEADDR, [1], 4) = 0
29842 10:23:56.449404 bind(5<socket:[3897465]>, {sa_family=AF_INET, sin_port=htons(40075), sin_addr=inet_addr("10.144.25.70")}, 16) = 0
29842 10:23:56.449427 listen(5<socket:[3897465]>, 1) = 0
29842 10:23:56.449444 write(4<socket:[3887485]>, "\213\234\0\0", 4 <unfinished ...>
29846 10:23:56.449458 <... read resumed> "\213\234\0\0", 4) = 4
29842 10:23:56.449464 <... write resumed> ) = 4
29846 10:23:56.449472 write(0<socket:[3883314]>, "227 Entering Passive Mode (10,14"..., 51 <unfinished ...>
29842 10:23:56.449481 read(4<socket:[3887485]>,  <unfinished ...>
29846 10:23:56.449493 <... write resumed> ) = 51
29846 10:23:56.449502 rt_sigaction(SIGALRM, {0x557d78355bb0, ~[RTMIN RT_1], SA_RESTORER, 0x7f9e4c69e4b0}, NULL, 8) = 0
29846 10:23:56.449520 alarm(300)        = 298
29846 10:23:56.449535 recvfrom(0<socket:[3883314]>, "LIST\r\n", 4096, MSG_PEEK, NULL, NULL) = 6
29846 10:24:00.477677 read(0<socket:[3883314]>, "LIST\r\n", 6) = 6
29846 10:24:00.477741 write(5<socket:[3887486]>, "\v", 1) = 1
29842 10:24:00.477780 <... read resumed> "\v", 1) = 1
29846 10:24:00.477799 read(5<socket:[3887486]>,  <unfinished ...>
29842 10:24:00.477817 write(4<socket:[3887485]>, "\1\0\0\0", 4 <unfinished ...>
29846 10:24:00.477843 <... read resumed> "\1\0\0\0", 4) = 4
29842 10:24:00.477855 <... write resumed> ) = 4
29846 10:24:00.477864 open(".", O_RDONLY|O_NONBLOCK|O_DIRECTORY|O_CLOEXEC <unfinished ...>
29842 10:24:00.477878 read(4<socket:[3887485]>,  <unfinished ...>
29846 10:24:00.477893 <... open resumed> ) = 4</home/sammy/ftp/files>
29846 10:24:00.477914 fstat(4</home/sammy/ftp/files>, {st_dev=makedev(8, 4), st_ino=25822257, st_mode=S_IFDIR|0755, st_nlink=2, st_uid=1001, st_gid=1001, st_blksize=4096, st_blocks=8, st_size=4096, st_atime=2018/01/10-10:23:04.423997991, st_mtime=2018/01/10-10:23:46.540881323, st_ctime=2018/01/10-10:23:46.540881323}) = 0
29846 10:24:00.477955 write(5<socket:[3887486]>, "\v", 1) = 1
29842 10:24:00.477982 <... read resumed> "\v", 1) = 1
29846 10:24:00.477997 read(5<socket:[3887486]>,  <unfinished ...>
29842 10:24:00.478008 write(4<socket:[3887485]>, "\1\0\0\0", 4) = 4
29846 10:24:00.478029 <... read resumed> "\1\0\0\0", 4) = 4
29842 10:24:00.478039 read(4<socket:[3887485]>,  <unfinished ...>
29846 10:24:00.478048 write(5<socket:[3887486]>, "\v", 1) = 1
29842 10:24:00.478074 <... read resumed> "\v", 1) = 1
29846 10:24:00.478474 read(5<socket:[3887486]>,  <unfinished ...>
29842 10:24:00.478490 write(4<socket:[3887485]>, "\1\0\0\0", 4 <unfinished ...>
29846 10:24:00.478505 <... read resumed> "\1\0\0\0", 4) = 4
29842 10:24:00.478517 <... write resumed> ) = 4
29846 10:24:00.478522 write(5<socket:[3887486]>, "\r", 1 <unfinished ...>
29842 10:24:00.478530 read(4<socket:[3887485]>,  <unfinished ...>
29846 10:24:00.478536 <... write resumed> ) = 1
29842 10:24:00.478541 <... read resumed> "\r", 1) = 1
29846 10:24:00.478546 read(5<socket:[3887486]>,  <unfinished ...>
29842 10:24:00.478553 select(6, [5<socket:[3897465]>], NULL, NULL, {60, 0}) = 1 (in [5], left {59, 999998})
29842 10:24:00.478575 accept(5<socket:[3897465]>, {sa_family=AF_INET, sin_port=htons(55543), sin_addr=inet_addr("10.144.74.17")}, [16]) = 6<socket:[3897003]>
29842 10:24:00.478602 write(4<socket:[3887485]>, "\1", 1 <unfinished ...>
29846 10:24:00.478631 <... read resumed> "\1", 1) = 1
29842 10:24:00.478637 <... write resumed> ) = 1
29846 10:24:00.478641 recvmsg(5<socket:[3887486]>,  <unfinished ...>
29842 10:24:00.478648 sendmsg(4<socket:[3887485]>, {msg_name(0)=NULL, msg_iov(1)=[{"\0", 1}], msg_controllen=20, [{cmsg_len=20, cmsg_level=SOL_SOCKET, cmsg_type=SCM_RIGHTS, [6<socket:[3897003]>]}], msg_flags=0}, 0) = 1
29846 10:24:00.478669 <... recvmsg resumed> {msg_name(0)=NULL, msg_iov(1)=[{"\0", 1}], msg_controllen=24, [{cmsg_len=20, cmsg_level=SOL_SOCKET, cmsg_type=SCM_RIGHTS, [6<socket:[3897003]>]}], msg_flags=0}, 0) = 1
29842 10:24:00.478680 close(6<socket:[3897003]> <unfinished ...>
29846 10:24:00.478687 setsockopt(6<socket:[3897003]>, SOL_SOCKET, SO_KEEPALIVE, [1], 4 <unfinished ...>
29842 10:24:00.478694 <... close resumed> ) = 0
29846 10:24:00.478699 <... setsockopt resumed> ) = 0
29842 10:24:00.478704 read(4<socket:[3887485]>,  <unfinished ...>
29846 10:24:00.478710 setsockopt(6<socket:[3897003]>, SOL_IP, IP_TOS, [8], 4) = 0
29846 10:24:00.478727 rt_sigaction(SIGALRM, {0x557d78355bb0, ~[RTMIN RT_1], SA_RESTORER, 0x7f9e4c69e4b0}, NULL, 8) = 0
29846 10:24:00.478744 alarm(300)        = 296
29846 10:24:00.478763 write(0<socket:[3883314]>, "150 Here comes the directory lis"..., 39) = 39
29846 10:24:00.478791 getdents(4</home/sammy/ftp/files>, [{d_ino=25826586, d_off=6329168593019713804, d_reclen=32, d_name="upload.txt", d_type=DT_REG}, {d_ino=25822257, d_off=7072323760915021184, d_reclen=24, d_name=".", d_type=DT_DIR}, {d_ino=25822256, d_off=8373409714294092263, d_reclen=24, d_name="..", d_type=DT_DIR}, {d_ino=25822258, d_off=9223372036854775807, d_reclen=32, d_name="test.txt", d_type=DT_REG}], 32768) = 112
29846 10:24:00.478818 lstat("upload.txt", {st_dev=makedev(8, 4), st_ino=25826586, st_mode=S_IFREG|0600, st_nlink=1, st_uid=1001, st_gid=1001, st_blksize=4096, st_blocks=8, st_size=17, st_atime=2018/01/10-10:23:46.540881323, st_mtime=2018/01/10-10:23:49.444942231, st_ctime=2018/01/10-10:23:49.444942231}) = 0
29846 10:24:00.478850 lstat("test.txt", {st_dev=makedev(8, 4), st_ino=25822258, st_mode=S_IFREG|0644, st_nlink=1, st_uid=0, st_gid=0, st_blksize=4096, st_blocks=8, st_size=17, st_atime=2018/01/09-11:25:52.100993348, st_mtime=2018/01/09-11:18:47.686261433, st_ctime=2018/01/09-11:18:47.686261433}) = 0
29846 10:24:00.478874 getdents(4</home/sammy/ftp/files>, [], 32768) = 0
29846 10:24:00.478891 write(6<socket:[3897003]>, "-rw-r--r--    1 0        0      "..., 134) = 134
29846 10:24:00.478915 rt_sigaction(SIGALRM, {0x557d78355bb0, ~[RTMIN RT_1], SA_RESTORER, 0x7f9e4c69e4b0}, NULL, 8) = 0
29846 10:24:00.478930 alarm(300)        = 300
29846 10:24:00.478944 setsockopt(6<socket:[3897003]>, SOL_SOCKET, SO_LINGER, {onoff=1, linger=600}, 8) = 0
29846 10:24:00.478961 close(6<socket:[3897003]>) = 0
29846 10:24:01.546969 alarm(0)          = 299
29846 10:24:01.547019 write(0<socket:[3883314]>, "226 Directory send OK.\r\n", 24) = 24
29846 10:24:01.547080 close(4</home/sammy/ftp/files>) = 0
29846 10:24:01.547114 write(5<socket:[3887486]>, "\n", 1) = 1
29846 10:24:01.547136 read(5<socket:[3887486]>,  <unfinished ...>
29842 10:24:01.547150 <... read resumed> "\n", 1) = 1
29842 10:24:01.547166 close(5<socket:[3897465]>) = 0
29842 10:24:01.547217 write(4<socket:[3887485]>, "\1", 1 <unfinished ...>
29846 10:24:01.547250 <... read resumed> "\1", 1) = 1
29842 10:24:01.547256 <... write resumed> ) = 1
29846 10:24:01.547264 rt_sigaction(SIGALRM, {0x557d78355bb0, ~[RTMIN RT_1], SA_RESTORER, 0x7f9e4c69e4b0}, NULL, 8) = 0
29842 10:24:01.547280 read(4<socket:[3887485]>,  <unfinished ...>
29846 10:24:01.547287 alarm(300)        = 0
29846 10:24:01.547302 recvfrom(0<socket:[3883314]>, "QUIT\r\n", 4096, MSG_PEEK, NULL, NULL) = 6
29846 10:24:04.592512 read(0<socket:[3883314]>, "QUIT\r\n", 6) = 6
29846 10:24:04.592560 fcntl(0<socket:[3883314]>, F_GETFL) = 0x2 (flags O_RDWR)
29846 10:24:04.592606 fcntl(0<socket:[3883314]>, F_SETFL, O_RDWR|O_NONBLOCK) = 0
29846 10:24:04.592625 shutdown(0<socket:[3883314]>, SHUT_RD) = 0
29846 10:24:04.592646 write(0<socket:[3883314]>, "221 Goodbye.\r\n", 14) = 14
29846 10:24:04.592673 shutdown(0<socket:[3883314]>, SHUT_RDWR) = 0
29846 10:24:04.592693 exit_group(0)     = ?
29846 10:24:04.592825 +++ exited with 0 +++
29842 10:24:04.592838 <... read resumed> 0x7ffcdb85bf97, 1) = ? ERESTARTSYS (To be restarted if SA_RESTART is set)
29842 10:24:04.592852 --- SIGCHLD {si_signo=SIGCHLD, si_code=CLD_EXITED, si_pid=29846, si_uid=1001, si_status=0, si_utime=0, si_stime=0} ---
29842 10:24:04.592884 alarm(1)          = 0
29842 10:24:04.592911 rt_sigreturn({mask=[]}) = -1 EINTR (Interrupted system call)
29842 10:24:04.592952 alarm(0)          = 1
29842 10:24:04.592966 wait4(-1, [{WIFEXITED(s) && WEXITSTATUS(s) == 0}], 0, NULL) = 29846
29842 10:24:04.592992 exit_group(0)     = ?
29842 10:24:04.608858 +++ exited with 0 +++
29690 10:24:04.608881 <... accept resumed> 0x7ffcdb85bfb0, 0x7ffcdb85bf9c) = ? ERESTARTSYS (To be restarted if SA_RESTART is set)
29690 10:24:04.608930 --- SIGCHLD {si_signo=SIGCHLD, si_code=CLD_EXITED, si_pid=29842, si_uid=65534, si_status=0, si_utime=0, si_stime=0} ---
29690 10:24:04.608984 alarm(1)          = 0
29690 10:24:04.609045 rt_sigreturn({mask=[]}) = -1 EINTR (Interrupted system call)
29690 10:24:04.609079 alarm(0)          = 1
29690 10:24:04.609098 wait4(-1, NULL, WNOHANG, NULL) = 29842
29690 10:24:04.609127 wait4(-1, NULL, WNOHANG, NULL) = -1 ECHILD (No child processes)
29690 10:24:04.609142 accept(3<socket:[3860309]>, 